Component: ARM Compiler 5.06 update 1 (build 61) Tool: armlink [4d35a8]

==============================================================================

Section Cross References

    main.o(.text) refers to _printf_percent.o(.ARM.Collect$$_printf_percent$$00000000) for _printf_percent
    main.o(.text) refers to _printf_f.o(.ARM.Collect$$_printf_percent$$00000003) for _printf_f
    main.o(.text) refers to printf1.o(x$fpl$printf1) for _printf_fp_dec
    main.o(.text) refers to delay.o(.text) for delay_init
    main.o(.text) refers to usart.o(.text) for uart_init
    main.o(.text) refers to oled.o(.text) for OLED_Init
    main.o(.text) refers to iic.o(.text) for IIC_Init
    main.o(.text) refers to mpu6050.o(.text) for MPU6050_initialize
    main.o(.text) refers to time.o(.text) for TIM2_Getsample_Int
    main.o(.text) refers to fflt_clz.o(x$fpl$fflt) for __aeabi_i2f
    main.o(.text) refers to frleqf.o(x$fpl$frleqf) for __aeabi_cfrcmple
    main.o(.text) refers to faddsub_clz.o(x$fpl$fadd) for __aeabi_fadd
    main.o(.text) refers to f2d.o(x$fpl$f2d) for __aeabi_f2d
    main.o(.text) refers to noretval__2sprintf.o(.text) for __2sprintf
    main.o(.text) refers to mpu6050.o(.data) for gyro
    main.o(.text) refers to main.o(.data) for AX
    system_stm32f10x.o(.text) refers to system_stm32f10x.o(.data) for SystemCoreClock
    startup_stm32f10x_md.o(STACK) refers (Special) to heapauxi.o(.text) for __use_two_region_memory
    startup_stm32f10x_md.o(HEAP) refers (Special) to heapauxi.o(.text) for __use_two_region_memory
    startup_stm32f10x_md.o(RESET) refers (Special) to heapauxi.o(.text) for __use_two_region_memory
    startup_stm32f10x_md.o(RESET) refers to startup_stm32f10x_md.o(STACK) for __initial_sp
    startup_stm32f10x_md.o(RESET) refers to startup_stm32f10x_md.o(.text) for Reset_Handler
    startup_stm32f10x_md.o(RESET) refers to stm32f10x_it.o(.text) for NMI_Handler
    startup_stm32f10x_md.o(RESET) refers to time.o(.text) for TIM2_IRQHandler
    startup_stm32f10x_md.o(RESET) refers to usart.o(.text) for USART1_IRQHandler
    startup_stm32f10x_md.o(.text) refers (Special) to heapauxi.o(.text) for __use_two_region_memory
    startup_stm32f10x_md.o(.text) refers to system_stm32f10x.o(.text) for SystemInit
    startup_stm32f10x_md.o(.text) refers to __main.o(!!!main) for __main
    startup_stm32f10x_md.o(.text) refers to startup_stm32f10x_md.o(HEAP) for Heap_Mem
    startup_stm32f10x_md.o(.text) refers to startup_stm32f10x_md.o(STACK) for Stack_Mem
    stm32f10x_adc.o(.text) refers to stm32f10x_rcc.o(.text) for RCC_APB2PeriphResetCmd
    stm32f10x_bkp.o(.text) refers to stm32f10x_rcc.o(.text) for RCC_BackupResetCmd
    stm32f10x_can.o(.text) refers to stm32f10x_rcc.o(.text) for RCC_APB1PeriphResetCmd
    stm32f10x_cec.o(.text) refers to stm32f10x_rcc.o(.text) for RCC_APB1PeriphResetCmd
    stm32f10x_dac.o(.text) refers to stm32f10x_rcc.o(.text) for RCC_APB1PeriphResetCmd
    stm32f10x_gpio.o(.text) refers to stm32f10x_rcc.o(.text) for RCC_APB2PeriphResetCmd
    stm32f10x_i2c.o(.text) refers to stm32f10x_rcc.o(.text) for RCC_APB1PeriphResetCmd
    stm32f10x_pwr.o(.text) refers to stm32f10x_rcc.o(.text) for RCC_APB1PeriphResetCmd
    stm32f10x_rcc.o(.text) refers to stm32f10x_rcc.o(.data) for APBAHBPrescTable
    stm32f10x_spi.o(.text) refers to stm32f10x_rcc.o(.text) for RCC_APB2PeriphResetCmd
    stm32f10x_tim.o(.text) refers to stm32f10x_rcc.o(.text) for RCC_APB2PeriphResetCmd
    stm32f10x_usart.o(.text) refers to stm32f10x_rcc.o(.text) for RCC_APB2PeriphResetCmd
    stm32f10x_wwdg.o(.text) refers to stm32f10x_rcc.o(.text) for RCC_APB1PeriphResetCmd
    delay.o(.text) refers to misc.o(.text) for SysTick_CLKSourceConfig
    delay.o(.text) refers to system_stm32f10x.o(.data) for SystemCoreClock
    delay.o(.text) refers to delay.o(.data) for fac_us
    usart.o(.text) refers (Special) to use_no_semi_2.o(.text) for __use_no_semihosting
    usart.o(.text) refers to stm32f10x_rcc.o(.text) for RCC_APB2PeriphClockCmd
    usart.o(.text) refers to stm32f10x_gpio.o(.text) for GPIO_Init
    usart.o(.text) refers to misc.o(.text) for NVIC_Init
    usart.o(.text) refers to stm32f10x_usart.o(.text) for USART_Init
    usart.o(.text) refers to usart.o(.data) for USART_RX_STA
    usart.o(.text) refers to usart.o(.bss) for USART_RX_BUF
    usart.o(.bss) refers (Special) to use_no_semi_2.o(.text) for __use_no_semihosting
    usart.o(.data) refers (Special) to use_no_semi_2.o(.text) for __use_no_semihosting
    led.o(.text) refers to stm32f10x_rcc.o(.text) for RCC_APB2PeriphClockCmd
    led.o(.text) refers to stm32f10x_gpio.o(.text) for GPIO_Init
    time.o(.text) refers to stm32f10x_rcc.o(.text) for RCC_APB1PeriphClockCmd
    time.o(.text) refers to stm32f10x_tim.o(.text) for TIM_TimeBaseInit
    time.o(.text) refers to misc.o(.text) for NVIC_Init
    time.o(.text) refers to mpu6050.o(.text) for Read_DMP
    time.o(.text) refers to main.o(.data) for Yaw
[...]
    fac_us                                   0x20000048   Data           1  delay.o(.data)
    fac_ms                                   0x2000004a   Data           2  delay.o(.data)
    .data                                    0x2000004c   Section        6  usart.o(.data)
    .data                                    0x20000054   Section       48  mpu6050.o(.data)
    gyro_orientation                         0x20000074   Data           9  mpu6050.o(.data)
    .data                                    0x20000084   Section       44  inv_mpu.o(.data)
    st                                       0x20000084   Data          44  inv_mpu.o(.data)
    .data                                    0x200000b0   Section     4824  oled.o(.data)
    .bss                                     0x20001388   Section      200  usart.o(.bss)
    .bss                                     0x20001450   Section      146  mpu6050.o(.bss)
    .bss                                     0x200014e4   Section       16  inv_mpu_dmp_motion_driver.o(.bss)
    dmp                                      0x200014e4   Data          16  inv_mpu_dmp_motion_driver.o(.bss)
    .bss                                     0x200014f4   Section     1152  oled.o(.bss)
    .bss                                     0x20001974   Section       96  libspace.o(.bss)
    HEAP                                     0x200019d8   Section      512  startup_stm32f10x_md.o(HEAP)
    Heap_Mem                                 0x200019d8   Data         512  startup_stm32f10x_md.o(HEAP)
    STACK                                    0x20001bd8   Section     1024  startup_stm32f10x_md.o(STACK)
    Stack_Mem                                0x20001bd8   Data        1024  startup_stm32f10x_md.o(STACK)
    __initial_sp                             0x20001fd8   Data           0  startup_stm32f10x_md.o(STACK)

    Global Symbols

    Symbol Name                              Value     Ov Type        Size  Object(Section)

    BuildAttributes$$THM_ISAv4$P$D$K$B$S$PE$A:L22UL41UL21$X:L11$S22US41US21$IEEE1$IW$USESV6$~STKCKD$USESV7$~SHL$OTIME$ROPI$IEEEX$EBA8$UX$STANDARDLIB$REQ8$PRES8$EABIv2 0x00000000   Number         0  anon$$obj.o ABSOLUTE
    __ARM_use_no_argv                        0x00000000   Number         0  main.o ABSOLUTE
    _printf_flags                            0x00000000   Number         0  printf_stubs.o ABSOLUTE
    _printf_return_value                     0x00000000   Number         0  printf_stubs.o ABSOLUTE
    _printf_sizespec                         0x00000000   Number         0  printf_stubs.o ABSOLUTE
    _printf_widthprec                        0x00000000   Number         0  printf_stubs.o ABSOLUTE
    __ARM_exceptions_init                     - Undefined Weak Reference
    __alloca_initialize                       - Undefined Weak Reference
    __arm_preinit_                            - Undefined Weak Reference
    __cpp_initialize__aeabi_                  - Undefined Weak Reference
    __cxa_finalize                            - Undefined Weak Reference
    __sigvec_lookup                           - Undefined Weak Reference
    _atexit_init                              - Undefined Weak Reference
    _call_atexit_fns                          - Undefined Weak Reference
    _clock_init                               - Undefined Weak Reference
    _fp_trap_init                             - Undefined Weak Reference
    _fp_trap_shutdown                         - Undefined Weak Reference
    _get_lc_collate                           - Undefined Weak Reference
    _get_lc_ctype                             - Undefined Weak Reference
    _get_lc_monetary                          - Undefined Weak Reference
    _get_lc_time                              - Undefined Weak Reference
    _getenv_init                              - Undefined Weak Reference
    _handle_redirection                       - Undefined Weak Reference
    _init_alloc                               - Undefined Weak Reference
    _init_user_alloc                          - Undefined Weak Reference
    _initio                                   - Undefined Weak Reference
    _mutex_acquire                            - Undefined Weak Reference
    _mutex_release                            - Undefined Weak Reference
    _printf_post_padding                      - Undefined Weak Reference
    _printf_pre_padding                       - Undefined Weak Reference
    _printf_truncate_signed                   - Undefined Weak Reference
    _printf_truncate_unsigned                 - Undefined Weak Reference
    _rand_init                                - Undefined Weak Reference
    _signal_finish                            - Undefined Weak Reference
    _signal_init                              - Undefined Weak Reference
    _terminate_alloc                          - Undefined Weak Reference
    _terminate_user_alloc                     - Undefined Weak Reference
    _terminateio                              - Undefined Weak Reference
    __Vectors_Size                           0x000000ec   Number         0  startup_stm32f10x_md.o ABSOLUTE
    __Vectors                                0x08000000   Data           4  startup_stm32f10x_md.o(RESET)
    __Vectors_End                            0x080000ec   Data           0  startup_stm32f10x_md.o(RESET)
    __main                                   0x080000ed   Thumb Code     8  __main.o(!!!main)
    __scatterload                            0x080000f5   Thumb Code     0  __scatter.o(!!!scatter)
    __scatterload_rt2                        0x080000f5   Thumb Code    44  __scatter.o(!!!scatter)
    __scatterload_rt2_thumb_only             0x080000f5   Thumb Code     0  __scatter.o(!!!scatter)
    __scatterload_null                       0x08000103   Thumb Code     0  __scatter.o(!!!scatter)
    __decompress                             0x08000129   Thumb Code    90  __dczerorl2.o(!!dczerorl2)
    __decompress1                            0x08000129   Thumb Code     0  __dczerorl2.o(!!dczerorl2)
    __scatterload_zeroinit                   0x08000185   Thumb Code    28  __scatter_zi.o(!!handler_zi)
    _printf_f                                0x080001a1   Thumb Code     0  _printf_f.o(.ARM.Collect$$_printf_percent$$00000003)
    _printf_percent                          0x080001a1   Thumb Code     0  _printf_percent.o(.ARM.Collect$$_printf_percent$$00000000)
    _printf_d                                0x080001a7   Thumb Code     0  _printf_d.o(.ARM.Collect$$_printf_percent$$00000009)
    _printf_percent_end                      0x080001ad   Thumb Code     0  _printf_percent_end.o(.ARM.Collect$$_printf_percent$$00000017)
    __rt_lib_init                            0x080001b1   Thumb Code     0  libinit.o(.ARM.Collect$$libinit$$00000000)
    __rt_lib_init_fp_1                       0x080001b3   Thumb Code     0  libinit2.o(.ARM.Collect$$libinit$$00000002)
    __rt_lib_init_heap_1                     0x080001b3   Thumb Code     0  libinit2.o(.ARM.Collect$$libinit$$0000000A)
    __rt_lib_init_lc_common                  0x080001b3   Thumb Code     0  libinit2.o(.ARM.Collect$$libinit$$0000000F)
    __rt_lib_init_preinit_1                  0x080001b3   Thumb Code     0  libinit2.o(.ARM.Collect$$libinit$$00000004)
    __rt_lib_init_rand_1                     0x080001b3   Thumb Code     0  libinit2.o(.ARM.Collect$$libinit$$0000000E)
    __rt_lib_init_user_alloc_1               0x080001b3   Thumb Code     0  libinit2.o(.ARM.Collect$$libinit$$0000000C)
    __rt_lib_init_lc_collate_1               0x080001b9   Thumb Code     0  libinit2.o(.ARM.Collect$$libinit$$00000011)
    __rt_lib_init_lc_ctype_1                 0x080001b9   Thumb Code     0  libinit2.o(.ARM.Collect$$libinit$$00000013)
    __rt_lib_init_lc_monetary_1              0x080001b9   Thumb Code     0  libinit2.o(.ARM.Collect$$libinit$$00000015)
    __rt_lib_init_lc_numeric_2               0x080001b9   Thumb Code     0  libinit2.o(.ARM.Collect$$libinit$$00000016)
    __rt_lib_init_alloca_1                   0x080001c3   Thumb Code     0  libinit2.o(.ARM.Collect$$libinit$$0000002E)
    __rt_lib_init_argv_1                     0x080001c3   Thumb Code     0  libinit2.o(.ARM.Collect$$libinit$$0000002C)
    __rt_lib_init_atexit_1                   0x080001c3   Thumb Code     0  libinit2.o(.ARM.Collect$$libinit$$0000001B)
    __rt_lib_init_clock_1                    0x080001c3   Thumb Code     0  libinit2.o(.ARM.Collect$$libinit$$00000021)
    __rt_lib_init_cpp_1                      0x080001c3   Thumb Code     0  libinit2.o(.ARM.Collect$$libinit$$00000032)
    __rt_lib_init_exceptions_1               0x080001c3   Thumb Code     0  libinit2.o(.ARM.Collect$$libinit$$00000030)
    __rt_lib_init_fp_trap_1                  0x080001c3   Thumb Code     0  libinit2.o(.ARM.Collect$$libinit$$0000001F)
    __rt_lib_init_getenv_1                   0x080001c3   Thumb Code     0  libinit2.o(.ARM.Collect$$libinit$$00000023)
    __rt_lib_init_lc_numeric_1               0x080001c3   Thumb Code     0  libinit2.o(.ARM.Collect$$libinit$$00000017)
    __rt_lib_init_lc_time_1                  0x080001c3   Thumb Code     0  libinit2.o(.ARM.Collect$$libinit$$00000019)
    __rt_lib_init_return                     0x080001c3   Thumb Code     0  libinit2.o(.ARM.Collect$$libinit$$00000033)
    __rt_lib_init_signal_1                   0x080001c3   Thumb Code     0  libinit2.o(.ARM.Collect$$libinit$$0000001D)
    __rt_lib_init_stdio_1                    0x080001c3   Thumb Code     0  libinit2.o(.ARM.Collect$$libinit$$00000025)
    __rt_lib_shutdown                        0x080001c5   Thumb Code     0  libshutdown.o(.ARM.Collect$$libshutdown$$00000000)
    __rt_lib_shutdown_cpp_1                  0x080001c7   Thumb Code     0  libshutdown2.o(.ARM.Collect$$libshutdown$$00000002)
    __rt_lib_shutdown_fp_trap_1              0x080001c7   Thumb Code     0  libshutdown2.o(.ARM.Collect$$libshutdown$$00000007)
    __rt_lib_shutdown_heap_1                 0x080001c7   Thumb Code     0  libshutdown2.o(.ARM.Collect$$libshutdown$$0000000F)
    __rt_lib_shutdown_return                 0x080001c7   Thumb Code     0  libshutdown2.o(.ARM.Collect$$libshutdown$$00000010)
    __rt_lib_shutdown_signal_1               0x080001c7   Thumb Code     0  libshutdown2.o(.ARM.Collect$$libshutdown$$0000000A)
    __rt_lib_shutdown_stdio_1                0x080001c7   Thumb Code     0  libshutdown2.o(.ARM.Collect$$libshutdown$$00000004)
    __rt_lib_shutdown_user_alloc_1           0x080001c7   Thumb Code     0  libshutdown2.o(.ARM.Collect$$libshutdown$$0000000C)
    __rt_entry                               0x080001c9   Thumb Code     0  __rtentry.o(.ARM.Collect$$rtentry$$00000000)
    __rt_entry_presh_1                       0x080001c9   Thumb Code     0  __rtentry2.o(.ARM.Collect$$rtentry$$00000002)
    __rt_entry_sh                            0x080001c9   Thumb Code     0  __rtentry4.o(.ARM.Collect$$rtentry$$00000004)
    __rt_entry_li                            0x080001cf   Thumb Code     0  __rtentry2.o(.ARM.Collect$$rtentry$$0000000A)
    __rt_entry_postsh_1                      0x080001cf   Thumb Code     0  __rtentry2.o(.ARM.Collect$$rtentry$$00000009)
    __rt_entry_main                          0x080001d3   Thumb Code     0  __rtentry2.o(.ARM.Collect$$rtentry$$0000000D)
    __rt_entry_postli_1                      0x080001d3   Thumb Code     0  __rtentry2.o(.ARM.Collect$$rtentry$$0000000C)
    __rt_exit                                0x080001db   Thumb Code     0  rtexit.o(.ARM.Collect$$rtexit$$00000000)
    __rt_exit_ls                             0x080001dd   Thumb Code     0  rtexit2.o(.ARM.Collect$$rtexit$$00000003)
    __rt_exit_prels_1                        0x080001dd   Thumb Code     0  rtexit2.o(.ARM.Collect$$rtexit$$00000002)
    __rt_exit_exit                           0x080001e1   Thumb Code     0  rtexit2.o(.ARM.Collect$$rtexit$$00000004)
    main                                     0x080001e9   Thumb Code   300  main.o(.text)
    NMI_Handler                              0x08000369   Thumb Code     2  stm32f10x_it.o(.text)
    HardFault_Handler                        0x0800036b   Thumb Code     4  stm32f10x_it.o(.text)
    MemManage_Handler                        0x0800036f   Thumb Code     4  stm32f10x_it.o(.text)
    BusFault_Handler                         0x08000373   Thumb Code     4  stm32f10x_it.o(.text)
    UsageFault_Handler                       0x08000377   Thumb Code     4  stm32f10x_it.o(.text)
    SVC_Handler                              0x0800037b   Thumb Code     2  stm32f10x_it.o(.text)
    DebugMon_Handler                         0x0800037d   Thumb Code     2  stm32f10x_it.o(.text)
    PendSV_Handler                           0x0800037f   Thumb Code     2  stm32f10x_it.o(.text)
    SysTick_Handler                          0x08000381   Thumb Code     2  stm32f10x_it.o(.text)
    SystemInit                               0x08000463   Thumb Code    78  system_stm32f10x.o(.text)
    SystemCoreClockUpdate                    0x080004b1   Thumb Code   142  system_stm32f10x.o(.text)
    Reset_Handler                            0x08000565   Thumb Code     8  startup_stm32f10x_md.o(.text)
    ADC1_2_IRQHandler                        0x0800057f   Thumb Code     0  startup_stm32f10x_md.o(.text)
    CAN1_RX1_IRQHandler                      0x0800057f   Thumb Code     0  startup_stm32f10x_md.o(.text)
    CAN1_SCE_IRQHandler                      0x0800057f   Thumb Code     0  startup_stm32f10x_md.o(.text)
    DMA1_Channel1_IRQHandler                 0x0800057f   Thumb Code     0  startup_stm32f10x_md.o(.text)
    DMA1_Channel2_IRQHandler                 0x0800057f   Thumb Code     0  startup_stm32f10x_md.o(.text)
    DMA1_Channel3_IRQHandler                 0x0800057f   Thumb Code     0  startup_stm32f10x_md.o(.text)
    DMA1_Channel4_IRQHandler                 0x0800057f   Thumb Code     0  startup_stm32f10x_md.o(.text)
    DMA1_Channel5_IRQHandler                 0x0800057f   Thumb Code     0  startup_stm32f10x_md.o(.text)
    DMA1_Channel6_IRQHandler                 0x0800057f   Thumb Code     0  startup_stm32f10x_md.o(.text)
    DMA1_Channel7_IRQHandler                 0x0800057f   Thumb Code     0  startup_stm32f10x_md.o(.text)
    EXTI0_IRQHandler                         0x0800057f   Thumb Code     0  startup_stm32f10x_md.o(.text)
    EXTI15_10_IRQHandler                     0x0800057f   Thumb Code     0  startup_stm32f10x_md.o(.text)
    EXTI1_IRQHandler                         0x0800057f   Thumb Code     0  startup_stm32f10x_md.o(.text)
    EXTI2_IRQHandler                         0x0800057f   Thumb Code     0  startup_stm32f10x_md.o(.text)
    EXTI3_IRQHandler                         0x0800057f   Thumb Code     0  startup_stm32f10x_md.o(.text)
    EXTI4_IRQHandler                         0x0800057f   Thumb Code     0  startup_stm32f10x_md.o(.text)
    EXTI9_5_IRQHandler                       0x0800057f   Thumb Code     0  startup_stm32f10x_md.o(.text)
    FLASH_IRQHandler                         0x0800057f   Thumb Code     0  startup_stm32f10x_md.o(.text)
    I2C1_ER_IRQHandler                       0x0800057f   Thumb Code     0  startup_stm32f10x_md.o(.text)
    I2C1_EV_IRQHandler                       0x0800057f   Thumb Code     0  startup_stm32f10x_md.o(.text)
    I2C2_ER_IRQHandler                       0x0800057f   Thumb Code     0  startup_stm32f10x_md.o(.text)
    I2C2_EV_IRQHandler                       0x0800057f   Thumb Code     0  startup_stm32f10x_md.o(.text)
    PVD_IRQHandler                           0x0800057f   Thumb Code     0  startup_stm32f10x_md.o(.text)
    RCC_IRQHandler                           0x0800057f   Thumb Code     0  startup_stm32f10x_md.o(.text)
    RTCAlarm_IRQHandler                      0x0800057f   Thumb Code     0  startup_stm32f10x_md.o(.text)
    RTC_IRQHandler                           0x0800057f   Thumb Code     0  startup_stm32f10x_md.o(.text)
    SPI1_IRQHandler                          0x0800057f   Thumb Code     0  startup_stm32f10x_md.o(.text)
    SPI2_IRQHandler                          0x0800057f   Thumb Code     0  startup_stm32f10x_md.o(.text)
    TAMPER_IRQHandler                        0x0800057f   Thumb Code     0  startup_stm32f10x_md.o(.text)
    TIM1_BRK_IRQHandler                      0x0800057f   Thumb Code     0  startup_stm32f10x_md.o(.text)
    TIM1_CC_IRQHandler                       0x0800057f   Thumb Code     0  startup_stm32f10x_md.o(.text)
    TIM1_TRG_COM_IRQHandler                  0x0800057f   Thumb Code     0  startup_stm32f10x_md.o(.text)
    TIM1_UP_IRQHandler                       0x0800057f   Thumb Code     0  startup_stm32f10x_md.o(.text)
    TIM3_IRQHandler                          0x0800057f   Thumb Code     0  startup_stm32f10x_md.o(.text)
    TIM4_IRQHandler                          0x0800057f   Thumb Code     0  startup_stm32f10x_md.o(.text)
    USART2_IRQHandler                        0x0800057f   Thumb Code     0  startup_stm32f10x_md.o(.text)
    USART3_IRQHandler                        0x0800057f   Thumb Code     0  startup_stm32f10x_md.o(.text)
    USBWakeUp_IRQHandler                     0x0800057f   Thumb Code     0  startup_stm32f10x_md.o(.text)
    USB_HP_CAN1_TX_IRQHandler                0x0800057f   Thumb Code     0  startup_stm32f10x_md.o(.text)
    USB_LP_CAN1_RX0_IRQHandler               0x0800057f   Thumb Code     0  startup_stm32f10x_md.o(.text)
    WWDG_IRQHandler                          0x0800057f   Thumb Code     0  startup_stm32f10x_md.o(.text)
    __user_initial_stackheap                 0x08000581   Thumb Code     0  startup_stm32f10x_md.o(.text)
    NVIC_PriorityGroupConfig                 0x080005a5   Thumb Code    10  misc.o(.text)
    NVIC_Init                                0x080005af   Thumb Code   100  misc.o(.text)
    NVIC_SetVectorTable                      0x08000613   Thumb Code    14  misc.o(.text)
    NVIC_SystemLPConfig                      0x08000621   Thumb Code    34  misc.o(.text)
    SysTick_CLKSourceConfig                  0x08000643   Thumb Code    40  misc.o(.text)
    EXTI_DeInit                              0x08000681   Thumb Code    28  stm32f10x_exti.o(.text)
    EXTI_Init                                0x0800069d   Thumb Code   142  stm32f10x_exti.o(.text)
    EXTI_StructInit                          0x0800072b   Thumb Code    16  stm32f10x_exti.o(.text)
    EXTI_GenerateSWInterrupt                 0x0800073b   Thumb Code    16  stm32f10x_exti.o(.text)
    EXTI_GetFlagStatus                       0x0800074b   Thumb Code    22  stm32f10x_exti.o(.text)
    EXTI_ClearFlag                           0x08000761   Thumb Code     8  stm32f10x_exti.o(.text)
    EXTI_GetITStatus                         0x08000769   Thumb Code    34  stm32f10x_exti.o(.text)
    EXTI_ClearITPendingBit                   0x0800078b   Thumb Code     8  stm32f10x_exti.o(.text)
    GPIO_DeInit                              0x0800079d   Thumb Code   172  stm32f10x_gpio.o(.text)
    GPIO_AFIODeInit                          0x08000849   Thumb Code    20  stm32f10x_gpio.o(.text)
    GPIO_Init                                0x0800085d   Thumb Code   278  stm32f10x_gpio.o(.text)
    GPIO_StructInit                          0x08000973   Thumb Code    16  stm32f10x_gpio.o(.text)
    GPIO_ReadInputDataBit                    0x08000983   Thumb Code    18  stm32f10x_gpio.o(.text)
    GPIO_ReadInputData                       0x08000995   Thumb Code     8  stm32f10x_gpio.o(.text)
    GPIO_ReadOutputDataBit                   0x0800099d   Thumb Code    18  stm32f10x_gpio.o(.text)
    GPIO_ReadOutputData                      0x080009af   Thumb Code     8  stm32f10x_gpio.o(.text)
    GPIO_SetBits                             0x080009b7   Thumb Code     4  stm32f10x_gpio.o(.text)
    GPIO_ResetBits                           0x080009bb   Thumb Code     4  stm32f10x_gpio.o(.text)
    GPIO_WriteBit                            0x080009bf   Thumb Code    10  stm32f10x_gpio.o(.text)
    GPIO_Write                               0x080009c9   Thumb Code     4  stm32f10x_gpio.o(.text)
    GPIO_PinLockConfig                       0x080009cd   Thumb Code    18  stm32f10x_gpio.o(.text)
    GPIO_EventOutputConfig                   0x080009df   Thumb Code    26  stm32f10x_gpio.o(.text)
    GPIO_EventOutputCmd                      0x080009f9   Thumb Code     6  stm32f10x_gpio.o(.text)
    GPIO_PinRemapConfig                      0x080009ff   Thumb Code   138  stm32f10x_gpio.o(.text)
    GPIO_EXTILineConfig                      0x08000a89   Thumb Code    66  stm32f10x_gpio.o(.text)
    GPIO_ETH_MediaInterfaceConfig            0x08000acb   Thumb Code     8  stm32f10x_gpio.o(.text)
    RCC_DeInit                               0x08000af9   Thumb Code    64  stm32f10x_rcc.o(.text)
    RCC_HSEConfig                            0x08000b39   Thumb Code    70  stm32f10x_rcc.o(.text)
    RCC_GetFlagStatus                        0x08000b7f   Thumb Code    56  stm32f10x_rcc.o(.text)
    RCC_WaitForHSEStartUp                    0x08000bb7   Thumb Code    56  stm32f10x_rcc.o(.text)
    RCC_AdjustHSICalibrationValue            0x08000bef   Thumb Code    20  stm32f10x_rcc.o(.text)
    RCC_HSICmd                               0x08000c03   Thumb Code     6  stm32f10x_rcc.o(.text)
    RCC_PLLConfig                            0x08000c09   Thumb Code    24  stm32f10x_rcc.o(.text)
    RCC_PLLCmd                               0x08000c21   Thumb Code     6  stm32f10x_rcc.o(.text)
    RCC_SYSCLKConfig                         0x08000c27   Thumb Code    18  stm32f10x_rcc.o(.text)
    RCC_GetSYSCLKSource                      0x08000c39   Thumb Code    10  stm32f10x_rcc.o(.text)
    RCC_HCLKConfig                           0x08000c43   Thumb Code    18  stm32f10x_rcc.o(.text)
    RCC_PCLK1Config                          0x08000c55   Thumb Code    18  stm32f10x_rcc.o(.text)
    RCC_PCLK2Config                          0x08000c67   Thumb Code    20  stm32f10x_rcc.o(.text)
    RCC_ITConfig                             0x08000c7b   Thumb Code    26  stm32f10x_rcc.o(.text)
    RCC_USBCLKConfig                         0x08000c95   Thumb Code     8  stm32f10x_rcc.o(.text)
    RCC_ADCCLKConfig                         0x08000c9d   Thumb Code    18  stm32f10x_rcc.o(.text)
    RCC_LSEConfig                            0x08000caf   Thumb Code    50  stm32f10x_rcc.o(.text)
    RCC_LSICmd                               0x08000ce1   Thumb Code     6  stm32f10x_rcc.o(.text)
    RCC_RTCCLKConfig                         0x08000ce7   Thumb Code    12  stm32f10x_rcc.o(.text)
    RCC_RTCCLKCmd                            0x08000cf3   Thumb Code     8  stm32f10x_rcc.o(.text)
    RCC_GetClocksFreq                        0x08000cfb   Thumb Code   192  stm32f10x_rcc.o(.text)
    RCC_AHBPeriphClockCmd                    0x08000dbb   Thumb Code    26  stm32f10x_rcc.o(.text)
    RCC_APB2PeriphClockCmd                   0x08000dd5   Thumb Code    26  stm32f10x_rcc.o(.text)
    RCC_APB1PeriphClockCmd                   0x08000def   Thumb Code    26  stm32f10x_rcc.o(.text)
    RCC_APB2PeriphResetCmd                   0x08000e09   Thumb Code    26  stm32f10x_rcc.o(.text)
    RCC_APB1PeriphResetCmd                   0x08000e23   Thumb Code    26  stm32f10x_rcc.o(.text)
    RCC_BackupResetCmd                       0x08000e3d   Thumb Code     8  stm32f10x_rcc.o(.text)
    RCC_ClockSecuritySystemCmd               0x08000e45   Thumb Code     6  stm32f10x_rcc.o(.text)
    RCC_MCOConfig                            0x08000e4b   Thumb Code     6  stm32f10x_rcc.o(.text)
    RCC_ClearFlag                            0x08000e51   Thumb Code    14  stm32f10x_rcc.o(.text)
    RCC_GetITStatus                          0x08000e5f   Thumb Code    20  stm32f10x_rcc.o(.text)
    RCC_ClearITPendingBit                    0x08000e73   Thumb Code     6  stm32f10x_rcc.o(.text)
    TIM_DeInit                               0x08000e9d   Thumb Code   424  stm32f10x_tim.o(.text)
    TIM_TimeBaseInit                         0x08001045   Thumb Code   122  stm32f10x_tim.o(.text)
    TIM_OC1Init                              0x080010bf   Thumb Code   132  stm32f10x_tim.o(.text)
    TIM_OC2Init                              0x08001143   Thumb Code   154  stm32f10x_tim.o(.text)
    TIM_OC3Init                              0x080011dd   Thumb Code   150  stm32f10x_tim.o(.text)
    TIM_OC4Init                              0x08001273   Thumb Code   182  stm32f10x_tim.o(.text)
    TIM_SetIC4Prescaler                      0x08001329   Thumb Code    26  stm32f10x_tim.o(.text)
    TIM_SetIC3Prescaler                      0x080013c5   Thumb Code    18  stm32f10x_tim.o(.text)
    TIM_SetIC2Prescaler                      0x08001451   Thumb Code    26  stm32f10x_tim.o(.text)
    TIM_SetIC1Prescaler                      0x080014ed   Thumb Code    18  stm32f10x_tim.o(.text)
    TIM_ICInit                               0x0800156b   Thumb Code   150  stm32f10x_tim.o(.text)
    TIM_PWMIConfig                           0x08001601   Thumb Code   124  stm32f10x_tim.o(.text)
    TIM_BDTRConfig                           0x0800167d   Thumb Code    32  stm32f10x_tim.o(.text)
    TIM_TimeBaseStructInit                   0x0800169d   Thumb Code    18  stm32f10x_tim.o(.text)
    TIM_OCStructInit                         0x080016af   Thumb Code    20  stm32f10x_tim.o(.text)
    TIM_ICStructInit                         0x080016c3   Thumb Code    18  stm32f10x_tim.o(.text)
    TIM_BDTRStructInit                       0x080016d5   Thumb Code    40  stm32f10x_tim.o(.text)
    TIM_Cmd                                  0x080016fd   Thumb Code    24  stm32f10x_tim.o(.text)
    TIM_CtrlPWMOutputs                       0x08001715   Thumb Code    30  stm32f10x_tim.o(.text)
    TIM_ITConfig                             0x08001733   Thumb Code    18  stm32f10x_tim.o(.text)
    TIM_GenerateEvent                        0x08001745   Thumb Code     4  stm32f10x_tim.o(.text)
    TIM_DMAConfig                            0x08001749   Thumb Code    10  stm32f10x_tim.o(.text)
    TIM_DMACmd                               0x08001753   Thumb Code    18  stm32f10x_tim.o(.text)
    TIM_InternalClockConfig                  0x08001765   Thumb Code    12  stm32f10x_tim.o(.text)
    TIM_SelectInputTrigger                   0x08001771   Thumb Code    18  stm32f10x_tim.o(.text)
    TIM_ITRxExternalClockConfig              0x08001783   Thumb Code    24  stm32f10x_tim.o(.text)
    TIM_TIxExternalClockConfig               0x0800179b   Thumb Code    62  stm32f10x_tim.o(.text)
    TIM_ETRConfig                            0x080017d9   Thumb Code    28  stm32f10x_tim.o(.text)
    TIM_ETRClockMode1Config                  0x080017f5   Thumb Code    54  stm32f10x_tim.o(.text)
    TIM_ETRClockMode2Config                  0x0800182b   Thumb Code    32  stm32f10x_tim.o(.text)
    TIM_PrescalerConfig                      0x0800184b   Thumb Code     6  stm32f10x_tim.o(.text)
    TIM_CounterModeConfig                    0x08001851   Thumb Code    18  stm32f10x_tim.o(.text)
    TIM_EncoderInterfaceConfig               0x08001863   Thumb Code    66  stm32f10x_tim.o(.text)
    TIM_ForcedOC1Config                      0x080018a5   Thumb Code    18  stm32f10x_tim.o(.text)
    TIM_ForcedOC2Config                      0x080018b7   Thumb Code    26  stm32f10x_tim.o(.text)
    TIM_ForcedOC3Config                      0x080018d1   Thumb Code    18  stm32f10x_tim.o(.text)
    TIM_ForcedOC4Config                      0x080018e3   Thumb Code    26  stm32f10x_tim.o(.text)
    TIM_ARRPreloadConfig                     0x080018fd   Thumb Code    24  stm32f10x_tim.o(.text)
    TIM_SelectCOM                            0x08001915   Thumb Code    24  stm32f10x_tim.o(.text)
    TIM_SelectCCDMA                          0x0800192d   Thumb Code    24  stm32f10x_tim.o(.text)
    TIM_CCPreloadControl                     0x08001945   Thumb Code    24  stm32f10x_tim.o(.text)
    TIM_OC1PreloadConfig                     0x0800195d   Thumb Code    18  stm32f10x_tim.o(.text)
    TIM_OC2PreloadConfig                     0x0800196f   Thumb Code    26  stm32f10x_tim.o(.text)
    TIM_OC3PreloadConfig                     0x08001989   Thumb Code    18  stm32f10x_tim.o(.text)
    TIM_OC4PreloadConfig                     0x0800199b   Thumb Code    26  stm32f10x_tim.o(.text)
    TIM_OC1FastConfig                        0x080019b5   Thumb Code    18  stm32f10x_tim.o(.text)
    TIM_OC2FastConfig                        0x080019c7   Thumb Code    26  stm32f10x_tim.o(.text)
    TIM_OC3FastConfig                        0x080019e1   Thumb Code    18  stm32f10x_tim.o(.text)
    TIM_OC4FastConfig                        0x080019f3   Thumb Code    26  stm32f10x_tim.o(.text)
    TIM_ClearOC1Ref                          0x08001a0d   Thumb Code    18  stm32f10x_tim.o(.text)
    TIM_ClearOC2Ref                          0x08001a1f   Thumb Code    24  stm32f10x_tim.o(.text)
    TIM_ClearOC3Ref                          0x08001a37   Thumb Code    18  stm32f10x_tim.o(.text)
    TIM_ClearOC4Ref                          0x08001a49   Thumb Code    24  stm32f10x_tim.o(.text)
    TIM_OC1PolarityConfig                    0x08001a61   Thumb Code    18  stm32f10x_tim.o(.text)
    TIM_OC1NPolarityConfig                   0x08001a73   Thumb Code    18  stm32f10x_tim.o(.text)
    TIM_OC2PolarityConfig                    0x08001a85   Thumb Code    26  stm32f10x_tim.o(.text)
    TIM_OC2NPolarityConfig                   0x08001a9f   Thumb Code    26  stm32f10x_tim.o(.text)
    TIM_OC3PolarityConfig                    0x08001ab9   Thumb Code    26  stm32f10x_tim.o(.text)
    TIM_OC3NPolarityConfig                   0x08001ad3   Thumb Code    26  stm32f10x_tim.o(.text)
    TIM_OC4PolarityConfig                    0x08001aed   Thumb Code    26  stm32f10x_tim.o(.text)
    TIM_CCxCmd                               0x08001b07   Thumb Code    30  stm32f10x_tim.o(.text)
    TIM_CCxNCmd                              0x08001b25   Thumb Code    30  stm32f10x_tim.o(.text)
    TIM_SelectOCxM                           0x08001b43   Thumb Code    82  stm32f10x_tim.o(.text)
    TIM_UpdateDisableConfig                  0x08001b95   Thumb Code    24  stm32f10x_tim.o(.text)
    TIM_UpdateRequestConfig                  0x08001bad   Thumb Code    24  stm32f10x_tim.o(.text)
    TIM_SelectHallSensor                     0x08001bc5   Thumb Code    24  stm32f10x_tim.o(.text)
    TIM_SelectOnePulseMode                   0x08001bdd   Thumb Code    18  stm32f10x_tim.o(.text)
    TIM_SelectOutputTrigger                  0x08001bef   Thumb Code    18  stm32f10x_tim.o(.text)
    TIM_SelectSlaveMode                      0x08001c01   Thumb Code    18  stm32f10x_tim.o(.text)
    TIM_SelectMasterSlaveMode                0x08001c13   Thumb Code    18  stm32f10x_tim.o(.text)
    TIM_SetCounter                           0x08001c25   Thumb Code     4  stm32f10x_tim.o(.text)
    TIM_SetAutoreload                        0x08001c29   Thumb Code     4  stm32f10x_tim.o(.text)
    TIM_SetCompare1                          0x08001c2d   Thumb Code     4  stm32f10x_tim.o(.text)
    TIM_SetCompare2                          0x08001c31   Thumb Code     4  stm32f10x_tim.o(.text)
    TIM_SetCompare3                          0x08001c35   Thumb Code     4  stm32f10x_tim.o(.text)
    TIM_SetCompare4                          0x08001c39   Thumb Code     6  stm32f10x_tim.o(.text)
    TIM_SetClockDivision                     0x08001c3f   Thumb Code    18  stm32f10x_tim.o(.text)
    TIM_GetCapture1                          0x08001c51   Thumb Code     6  stm32f10x_tim.o(.text)
    TIM_GetCapture2                          0x08001c57   Thumb Code     6  stm32f10x_tim.o(.text)
    TIM_GetCapture3                          0x08001c5d   Thumb Code     6  stm32f10x_tim.o(.text)
    TIM_GetCapture4                          0x08001c63   Thumb Code     8  stm32f10x_tim.o(.text)
    TIM_GetCounter                           0x08001c6b   Thumb Code     6  stm32f10x_tim.o(.text)
    TIM_GetPrescaler                         0x08001c71   Thumb Code     6  stm32f10x_tim.o(.text)
    TIM_GetFlagStatus                        0x08001c77   Thumb Code    18  stm32f10x_tim.o(.text)
    TIM_ClearFlag                            0x08001c89   Thumb Code     6  stm32f10x_tim.o(.text)
    TIM_GetITStatus                          0x08001c8f   Thumb Code    34  stm32f10x_tim.o(.text)
    TIM_ClearITPendingBit                    0x08001cb1   Thumb Code     6  stm32f10x_tim.o(.text)
    USART_DeInit                             0x08001cb9   Thumb Code   134  stm32f10x_usart.o(.text)
    USART_Init                               0x08001d3f   Thumb Code   210  stm32f10x_usart.o(.text)
    USART_StructInit                         0x08001e11   Thumb Code    24  stm32f10x_usart.o(.text)
    USART_ClockInit                          0x08001e29   Thumb Code    34  stm32f10x_usart.o(.text)
    USART_ClockStructInit                    0x08001e4b   Thumb Code    12  stm32f10x_usart.o(.text)
    USART_Cmd                                0x08001e57   Thumb Code    24  stm32f10x_usart.o(.text)
    USART_ITConfig                           0x08001e6f   Thumb Code    74  stm32f10x_usart.o(.text)
    USART_DMACmd                             0x08001eb9   Thumb Code    18  stm32f10x_usart.o(.text)
    USART_SetAddress                         0x08001ecb   Thumb Code    18  stm32f10x_usart.o(.text)
    USART_WakeUpConfig                       0x08001edd   Thumb Code    18  stm32f10x_usart.o(.text)
    USART_ReceiverWakeUpCmd                  0x08001eef   Thumb Code    24  stm32f10x_usart.o(.text)
    USART_LINBreakDetectLengthConfig         0x08001f07   Thumb Code    18  stm32f10x_usart.o(.text)
    USART_LINCmd                             0x08001f19   Thumb Code    24  stm32f10x_usart.o(.text)
    USART_SendData                           0x08001f31   Thumb Code     8  stm32f10x_usart.o(.text)
    USART_ReceiveData                        0x08001f39   Thumb Code    10  stm32f10x_usart.o(.text)
    USART_SendBreak                          0x08001f43   Thumb Code    10  stm32f10x_usart.o(.text)
    USART_SetGuardTime                       0x08001f4d   Thumb Code    16  stm32f10x_usart.o(.text)
    USART_SetPrescaler                       0x08001f5d   Thumb Code    16  stm32f10x_usart.o(.text)
    USART_SmartCardCmd                       0x08001f6d   Thumb Code    24  stm32f10x_usart.o(.text)
    USART_SmartCardNACKCmd                   0x08001f85   Thumb Code    24  stm32f10x_usart.o(.text)
    USART_HalfDuplexCmd                      0x08001f9d   Thumb Code    24  stm32f10x_usart.o(.text)
    USART_OverSampling8Cmd                   0x08001fb5   Thumb Code    22  stm32f10x_usart.o(.text)
    USART_OneBitMethodCmd                    0x08001fcb   Thumb Code    24  stm32f10x_usart.o(.text)
    USART_IrDAConfig                         0x08001fe3   Thumb Code    18  stm32f10x_usart.o(.text)
    USART_IrDACmd                            0x08001ff5   Thumb Code    24  stm32f10x_usart.o(.text)
    USART_GetFlagStatus                      0x0800200d   Thumb Code    26  stm32f10x_usart.o(.text)
    USART_ClearFlag                          0x08002027   Thumb Code    18  stm32f10x_usart.o(.text)
    USART_GetITStatus                        0x08002039   Thumb Code    84  stm32f10x_usart.o(.text)
    USART_ClearITPendingBit                  0x0800208d   Thumb Code    52  stm32f10x_usart.o(.text)
    delay_init                               0x080020c1   Thumb Code    50  delay.o(.text)
    delay_us                                 0x080020f3   Thumb Code    72  delay.o(.text)
    delay_ms                                 0x0800213b   Thumb Code    72  delay.o(.text)
    _sys_exit                                0x08002195   Thumb Code     6  usart.o(.text)
    fputc                                    0x0800219b   Thumb Code    24  usart.o(.text)
    uart_init                                0x080021b3   Thumb Code   152  usart.o(.text)
    USART1_IRQHandler                        0x0800224b   Thumb Code   122  usart.o(.text)
    TIM2_Getsample_Int                       0x080022d5   Thumb Code    92  time.o(.text)
    TIM2_IRQHandler                          0x08002331   Thumb Code    34  time.o(.text)
    MPU6050_newValues                        0x0800246d   Thumb Code   494  mpu6050.o(.text)
    MPU6050_setClockSource                   0x0800265b   Thumb Code    20  mpu6050.o(.text)
    MPU6050_setFullScaleGyroRange            0x0800266f   Thumb Code    20  mpu6050.o(.text)
    MPU6050_setFullScaleAccelRange           0x08002683   Thumb Code    20  mpu6050.o(.text)
    MPU6050_setSleepEnabled                  0x08002697   Thumb Code    18  mpu6050.o(.text)
    MPU6050_getDeviceID                      0x080026a9   Thumb Code    20  mpu6050.o(.text)
    MPU6050_testConnection                   0x080026bd   Thumb Code    18  mpu6050.o(.text)
    MPU6050_setI2CMasterModeEnabled          0x080026cf   Thumb Code    18  mpu6050.o(.text)
    MPU6050_setI2CBypassEnabled              0x080026e1   Thumb Code    18  mpu6050.o(.text)
    MPU6050_initialize                       0x080026f3   Thumb Code    40  mpu6050.o(.text)
    DMP_Init                                 0x0800271b   Thumb Code   194  mpu6050.o(.text)
    Read_DMP                                 0x080027dd   Thumb Code   976  mpu6050.o(.text)
    Read_Temperature                         0x08002bad   Thumb Code   110  mpu6050.o(.text)
    MPU6050_INT_Ini                          0x08002c1b   Thumb Code   104  mpu6050.o(.text)
    MPU_Read_Len                             0x08002c83   Thumb Code   116  mpu6050.o(.text)
    MPU_Get_Accelerometer                    0x08002cf7   Thumb Code    78  mpu6050.o(.text)
    IIC_Delay                                0x08002d6d   Thumb Code    10  iic.o(.text)
    IIC_Init                                 0x08002d77   Thumb Code    46  iic.o(.text)
    IIC_Start                                0x08002da5   Thumb Code    90  iic.o(.text)
    IIC_Stop                                 0x08002dff   Thumb Code    62  iic.o(.text)
    IIC_Wait_Ack                             0x08002e3d   Thumb Code    90  iic.o(.text)
    IIC_Ack                                  0x08002e97   Thumb Code    66  iic.o(.text)
    IIC_NAck                                 0x08002ed9   Thumb Code    66  iic.o(.text)
    IIC_Send_Byte                            0x08002f1b   Thumb Code    98  iic.o(.text)
    IIC_Read_Byte                            0x08002f7d   Thumb Code    96  iic.o(.text)
    i2cWrite                                 0x08002fdd   Thumb Code    96  iic.o(.text)
    i2cRead                                  0x0800303d   Thumb Code   118  iic.o(.text)
    I2C_ReadOneByte                          0x080030b3   Thumb Code    70  iic.o(.text)
    IICreadBytes                             0x080030f9   Thumb Code   100  iic.o(.text)
    IICwriteBytes                            0x0800315d   Thumb Code    84  iic.o(.text)
    IICreadByte                              0x080031b1   Thumb Code    22  iic.o(.text)
    IICwriteByte                             0x080031c7   Thumb Code    20  iic.o(.text)
    IICwriteBits                             0x080031db   Thumb Code   106  iic.o(.text)
    IICwriteBit                              0x08003245   Thumb Code    64  iic.o(.text)
    mpu_reg_dump                             0x0800330f   Thumb Code    72  inv_mpu.o(.text)
    mpu_read_reg                             0x08003357   Thumb Code    66  inv_mpu.o(.text)
    mpu_set_int_latched                      0x08003399   Thumb Code   102  inv_mpu.o(.text)
    mpu_set_sensors                          0x080033ff   Thumb Code   202  inv_mpu.o(.text)
    mpu_set_bypass                           0x080034c9   Thumb Code   328  inv_mpu.o(.text)
    mpu_reset_fifo                           0x08003611   Thumb Code   444  inv_mpu.o(.text)
    mpu_configure_fifo                       0x080037cd   Thumb Code   106  inv_mpu.o(.text)
    mpu_set_lpf                              0x08003837   Thumb Code   126  inv_mpu.o(.text)
    mpu_lp_accel_mode                        0x080038b5   Thumb Code   218  inv_mpu.o(.text)
    mpu_set_sample_rate                      0x0800398f   Thumb Code   152  inv_mpu.o(.text)
    mpu_set_accel_fsr                        0x08003a27   Thumb Code   132  inv_mpu.o(.text)
    mpu_set_gyro_fsr                         0x08003aab   Thumb Code   132  inv_mpu.o(.text)
    mpu_init                                 0x08003b2f   Thumb Code   416  inv_mpu.o(.text)
    myget_ms                                 0x08003ccf   Thumb Code     2  inv_mpu.o(.text)
    mpu_get_gyro_reg                         0x08003cd1   Thumb Code   110  inv_mpu.o(.text)
    mpu_get_accel_reg                        0x08003d3f   Thumb Code   110  inv_mpu.o(.text)
    mpu_get_temperature                      0x08003dad   Thumb Code   150  inv_mpu.o(.text)
    mpu_set_accel_bias                       0x08003e43   Thumb Code   468  inv_mpu.o(.text)
    mpu_get_gyro_fsr                         0x08004017   Thumb Code    64  inv_mpu.o(.text)
    mpu_get_accel_fsr                        0x08004057   Thumb Code    72  inv_mpu.o(.text)
    mpu_get_lpf                              0x0800409f   Thumb Code    74  inv_mpu.o(.text)
    mpu_get_sample_rate                      0x080040e9   Thumb Code    26  inv_mpu.o(.text)
    mpu_get_compass_sample_rate              0x08004103   Thumb Code    10  inv_mpu.o(.text)
    mpu_set_compass_sample_rate              0x0800410d   Thumb Code     8  inv_mpu.o(.text)
    mpu_get_gyro_sens                        0x08004115   Thumb Code    58  inv_mpu.o(.text)
    mpu_get_accel_sens                       0x0800414f   Thumb Code    78  inv_mpu.o(.text)
    mpu_get_fifo_config                      0x0800419d   Thumb Code    12  inv_mpu.o(.text)
    mpu_get_power_state                      0x080041a9   Thumb Code    22  inv_mpu.o(.text)
    mpu_get_int_status                       0x080041bf   Thumb Code    64  inv_mpu.o(.text)
    mpu_read_fifo                            0x080041ff   Thumb Code   520  inv_mpu.o(.text)
    mpu_read_fifo_stream                     0x08004407   Thumb Code   186  inv_mpu.o(.text)
    mpu_set_int_level                        0x080044c1   Thumb Code    12  inv_mpu.o(.text)
    mpu_set_dmp_state                        0x08004ba1   Thumb Code   138  inv_mpu.o(.text)
    mpu_run_self_test                        0x08004c2b   Thumb Code   278  inv_mpu.o(.text)
    mpu_write_mem                            0x08004d41   Thumb Code   122  inv_mpu.o(.text)
    mpu_read_mem                             0x08004dbb   Thumb Code   122  inv_mpu.o(.text)
    mpu_load_firmware                        0x08004e35   Thumb Code   190  inv_mpu.o(.text)
    mpu_get_dmp_state                        0x08004ef3   Thumb Code    14  inv_mpu.o(.text)
    mpu_get_compass_reg                      0x08004f01   Thumb Code     8  inv_mpu.o(.text)
    mpu_get_compass_fsr                      0x08004f09   Thumb Code     8  inv_mpu.o(.text)
    mpu_lp_motion_interrupt                  0x08004f11   Thumb Code   512  inv_mpu.o(.text)
    dmp_load_motion_driver_firmware          0x08005115   Thumb Code    20  inv_mpu_dmp_motion_driver.o(.text)
    dmp_set_orientation                      0x08005129   Thumb Code   290  inv_mpu_dmp_motion_driver.o(.text)
    dmp_set_gyro_bias                        0x0800524b   Thumb Code   294  inv_mpu_dmp_motion_driver.o(.text)
    dmp_set_accel_bias                       0x08005371   Thumb Code   300  inv_mpu_dmp_motion_driver.o(.text)
    dmp_set_fifo_rate                        0x0800549d   Thumb Code   136  inv_mpu_dmp_motion_driver.o(.text)
    dmp_get_fifo_rate                        0x08005525   Thumb Code    12  inv_mpu_dmp_motion_driver.o(.text)
    dmp_set_tap_thresh                       0x08005531   Thumb Code   396  inv_mpu_dmp_motion_driver.o(.text)
    dmp_set_tap_axes                         0x080056bd   Thumb Code    70  inv_mpu_dmp_motion_driver.o(.text)
    dmp_set_tap_count                        0x08005703   Thumb Code    38  inv_mpu_dmp_motion_driver.o(.text)
    dmp_set_tap_time                         0x08005729   Thumb Code    38  inv_mpu_dmp_motion_driver.o(.text)
    dmp_set_tap_time_multi                   0x0800574f   Thumb Code    38  inv_mpu_dmp_motion_driver.o(.text)
    dmp_set_shake_reject_thresh              0x08005775   Thumb Code    56  inv_mpu_dmp_motion_driver.o(.text)
    dmp_set_shake_reject_time                0x080057ad   Thumb Code    38  inv_mpu_dmp_motion_driver.o(.text)
    dmp_set_shake_reject_timeout             0x080057d3   Thumb Code    38  inv_mpu_dmp_motion_driver.o(.text)
    dmp_get_pedometer_step_count             0x080057f9   Thumb Code    66  inv_mpu_dmp_motion_driver.o(.text)
    dmp_set_pedometer_step_count             0x0800583b   Thumb Code    42  inv_mpu_dmp_motion_driver.o(.text)
    dmp_get_pedometer_walk_time              0x08005865   Thumb Code    72  inv_mpu_dmp_motion_driver.o(.text)
    dmp_set_pedometer_walk_time              0x080058ad   Thumb Code    48  inv_mpu_dmp_motion_driver.o(.text)
    dmp_enable_6x_lp_quat                    0x080058dd   Thumb Code    84  inv_mpu_dmp_motion_driver.o(.text)
    dmp_enable_lp_quat                       0x08005931   Thumb Code    60  inv_mpu_dmp_motion_driver.o(.text)
    dmp_enable_gyro_cal                      0x0800596d   Thumb Code    62  inv_mpu_dmp_motion_driver.o(.text)
    dmp_enable_feature                       0x080059ab   Thumb Code   530  inv_mpu_dmp_motion_driver.o(.text)
    dmp_get_enabled_features                 0x08005bbd   Thumb Code    12  inv_mpu_dmp_motion_driver.o(.text)
    dmp_set_interrupt_mode                   0x08005c27   Thumb Code    66  inv_mpu_dmp_motion_driver.o(.text)
    dmp_read_fifo                            0x08005c69   Thumb Code   514  inv_mpu_dmp_motion_driver.o(.text)
    dmp_register_tap_cb                      0x08005e6b   Thumb Code    10  inv_mpu_dmp_motion_driver.o(.text)
    dmp_register_android_orient_cb           0x08005e75   Thumb Code    10  inv_mpu_dmp_motion_driver.o(.text)
    I2C_Stop                                 0x08005e85   Thumb Code    28  oled.o(.text)
    I2C_WaitAck                              0x08005ea1   Thumb Code    20  oled.o(.text)
    Send_Byte                                0x08005eb5   Thumb Code    70  oled.o(.text)
    I2C_Start                                0x08005efb   Thumb Code    36  oled.o(.text)
    OLED_WR_Byte                             0x08005f1f   Thumb Code    56  oled.o(.text)
    OLED_ColorTurn                           0x08005f57   Thumb Code    28  oled.o(.text)
    OLED_DisplayTurn                         0x08005f73   Thumb Code    44  oled.o(.text)
    OLED_DisPlay_On                          0x08005f9f   Thumb Code    28  oled.o(.text)
    OLED_DisPlay_Off                         0x08005fbb   Thumb Code    28  oled.o(.text)
    OLED_Refresh                             0x08005fd7   Thumb Code    70  oled.o(.text)
    OLED_Clear                               0x0800601d   Thumb Code    42  oled.o(.text)
    OLED_DrawPoint                           0x08006047   Thumb Code    54  oled.o(.text)
    OLED_ClearPoint                          0x0800607d   Thumb Code    90  oled.o(.text)
    OLED_DrawLine                            0x080060d7   Thumb Code     4  oled.o(.text)
    OLED_DrawCircle                          0x080060db   Thumb Code   152  oled.o(.text)
    OLED_ShowChar                            0x08006173   Thumb Code   240  oled.o(.text)
    OLED_ShowString                          0x08006263   Thumb Code    88  oled.o(.text)
    OLED_Pow                                 0x080062bb   Thumb Code    22  oled.o(.text)
    OLED_ShowNum                             0x080062d1   Thumb Code   116  oled.o(.text)
    OLED_ShowChinese                         0x08006345   Thumb Code   248  oled.o(.text)
    OLED_ScrollDisplay                       0x0800643d   Thumb Code   160  oled.o(.text)
    OLED_WR_BP                               0x080064dd   Thumb Code    46  oled.o(.text)
    OLED_ShowPicture                         0x0800650b   Thumb Code    98  oled.o(.text)
    OLED_Init                                0x0800656d   Thumb Code   280  oled.o(.text)
    __use_no_semihosting                     0x0800669d   Thumb Code     2  use_no_semi_2.o(.text)
    __aeabi_ldivmod                          0x0800669f   Thumb Code     0  llsdiv.o(.text)
    _ll_sdiv                                 0x0800669f   Thumb Code    72  llsdiv.o(.text)
    __2printf                                0x080066e9   Thumb Code    20  noretval__2printf.o(.text)
    __2sprintf                               0x08006701   Thumb Code    34  noretval__2sprintf.o(.text)
    _printf_int_dec                          0x08006729   Thumb Code   104  _printf_dec.o(.text)
    __printf                                 0x080067a1   Thumb Code   270  __printf_wp.o(.text)
    memcmp                                   0x080068af   Thumb Code    88  memcmp.o(.text)
    __aeabi_memset                           0x08006907   Thumb Code    16  aeabi_memset.o(.text)
    __use_two_region_memory                  0x08006917   Thumb Code     2  heapauxi.o(.text)
    __rt_heap_escrow$2region                 0x08006919   Thumb Code     2  heapauxi.o(.text)
    __rt_heap_expand$2region                 0x0800691b   Thumb Code     2  heapauxi.o(.text)
    __I$use$semihosting                      0x0800691d   Thumb Code     0  use_no_semi.o(.text)
    __use_no_semihosting_swi                 0x0800691d   Thumb Code     2  use_no_semi.o(.text)
    __aeabi_uldivmod                         0x0800691f   Thumb Code     0  lludivv7m.o(.text)
    _ll_udiv                                 0x0800691f   Thumb Code   238  lludivv7m.o(.text)
    __read_errno                             0x08006a0d   Thumb Code    10  _rserrno.o(.text)
    __set_errno                              0x08006a17   Thumb Code    12  _rserrno.o(.text)
    _printf_int_common                       0x08006a23   Thumb Code   178  _printf_intcommon.o(.text)
    __lib_sel_fp_printf                      0x08006ad5   Thumb Code     2  _printf_fp_dec.o(.text)
    _printf_fp_dec_real                      0x08006c83   Thumb Code   620  _printf_fp_dec.o(.text)
    _printf_char_common                      0x08006efb   Thumb Code    32  _printf_char_common.o(.text)
    _sputc                                   0x08006f21   Thumb Code    10  _sputc.o(.text)
    _printf_char_file                        0x08006f2d   Thumb Code    32  _printf_char_file.o(.text)
    __aeabi_memclr                           0x08006f51   Thumb Code     0  rt_memclr.o(.text)
    __rt_memclr                              0x08006f51   Thumb Code    68  rt_memclr.o(.text)
    _memset                                  0x08006f55   Thumb Code     0  rt_memclr.o(.text)
    __rt_locale                              0x08006f95   Thumb Code     8  rt_locale_intlibspace.o(.text)
    __aeabi_errno_addr                       0x08006f9d   Thumb Code     8  rt_errno_addr_intlibspace.o(.text)
    __errno$intlibspace                      0x08006f9d   Thumb Code     0  rt_errno_addr_intlibspace.o(.text)
    __rt_errno_addr$intlibspace              0x08006f9d   Thumb Code     0  rt_errno_addr_intlibspace.o(.text)
    _ll_udiv10                               0x08006fa5   Thumb Code   138  lludiv10.o(.text)
    _printf_fp_infnan                        0x08007031   Thumb Code   112  _printf_fp_infnan.o(.text)
    _btod_etento                             0x080070b1   Thumb Code   216  bigflt0.o(.text)
    ferror                                   0x0800718d   Thumb Code     8  ferror.o(.text)
    __aeabi_memclr4                          0x08007195   Thumb Code     0  rt_memclr_w.o(.text)
    __aeabi_memclr8                          0x08007195   Thumb Code     0  rt_memclr_w.o(.text)
    __rt_memclr_w                            0x08007195   Thumb Code    78  rt_memclr_w.o(.text)
    _memset_w                                0x08007199   Thumb Code     0  rt_memclr_w.o(.text)
    __user_libspace                          0x080071e5   Thumb Code     8  libspace.o(.text)
    __user_perproc_libspace                  0x080071e5   Thumb Code     0  libspace.o(.text)
    __user_perthread_libspace                0x080071e5   Thumb Code     0  libspace.o(.text)
    __user_setup_stackheap                   0x080071ed   Thumb Code    74  sys_stackheap_outer.o(.text)
    exit                                     0x08007237   Thumb Code    18  exit.o(.text)
    strcmp                                   0x08007249   Thumb Code   128  strcmpv7m.o(.text)
    _btod_d2e                                0x080072c9   Thumb Code    62  btod.o(CL$$btod_d2e)
    _d2e_denorm_low                          0x08007307   Thumb Code    70  btod.o(CL$$btod_d2e_denorm_low)
    _d2e_norm_op1                            0x0800734d   Thumb Code    96  btod.o(CL$$btod_d2e_norm_op1)
    __btod_div_common                        0x080073ad   Thumb Code   696  btod.o(CL$$btod_div_common)
    _e2e                                     0x080076e5   Thumb Code   198  btod.o(CL$$btod_e2e)
    _btod_ediv                               0x080077ab   Thumb Code    40  btod.o(CL$$btod_ediv)
    _btod_emul                               0x080077d3   Thumb Code    40  btod.o(CL$$btod_emul)
    __btod_mult_common                       0x080077fb   Thumb Code   580  btod.o(CL$$btod_mult_common)
    __ARM_fpclassify                         0x08007a3f   Thumb Code    40  fpclassify.o(i.__ARM_fpclassify)
    __kernel_poly                            0x08007a67   Thumb Code   170  poly.o(i.__kernel_poly)
    __mathlib_dbl_infnan                     0x08007b11   Thumb Code     6  dunder.o(i.__mathlib_dbl_infnan)
    __mathlib_dbl_infnan2                    0x08007b17   Thumb Code     4  dunder.o(i.__mathlib_dbl_infnan2)
    __mathlib_dbl_invalid                    0x08007b1b   Thumb Code    12  dunder.o(i.__mathlib_dbl_invalid)
    __mathlib_dbl_underflow                  0x08007b29   Thumb Code    10  dunder.o(i.__mathlib_dbl_underflow)
    _is_digit                                0x08007b39   Thumb Code    14  __printf_wp.o(i._is_digit)
    asin                                     0x08007b49   Thumb Code   572  asin.o(i.asin)
    atan                                     0x08007db9   Thumb Code   474  atan.o(i.atan)
    atan2                                    0x08007fd9   Thumb Code   346  atan2.o(i.atan2)
    sqrt                                     0x08008159   Thumb Code    76  sqrt.o(i.sqrt)
    _get_lc_numeric                          0x080081a5   Thumb Code    44  lc_numeric_c.o(locale$$code)
    __aeabi_d2f                              0x080081d1   Thumb Code     0  d2f.o(x$fpl$d2f)
    _d2f                                     0x080081d1   Thumb Code    98  d2f.o(x$fpl$d2f)
    __aeabi_dadd                             0x08008235   Thumb Code     0  daddsub_clz.o(x$fpl$dadd)
    _dadd                                    0x08008235   Thumb Code   332  daddsub_clz.o(x$fpl$dadd)
    __fpl_dcheck_NaN1                        0x08008385   Thumb Code    10  dcheck1.o(x$fpl$dcheck1)
    __aeabi_ddiv                             0x08008395   Thumb Code     0  ddiv.o(x$fpl$ddiv)
    _ddiv                                    0x08008395   Thumb Code   552  ddiv.o(x$fpl$ddiv)
    __aeabi_dmul                             0x08008645   Thumb Code     0  dmul.o(x$fpl$dmul)
    _dmul                                    0x08008645   Thumb Code   332  dmul.o(x$fpl$dmul)
    __fpl_dnaninf                            0x08008799   Thumb Code   156  dnaninf.o(x$fpl$dnaninf)
    __fpl_dretinf                            0x08008835   Thumb Code    12  dretinf.o(x$fpl$dretinf)
    __aeabi_drsub                            0x08008841   Thumb Code     0  daddsub_clz.o(x$fpl$drsb)
    _drsb                                    0x08008841   Thumb Code    22  daddsub_clz.o(x$fpl$drsb)
    _dsqrt                                   0x08008859   Thumb Code   456  dsqrt_noumaal.o(x$fpl$dsqrt)
    __aeabi_dsub                             0x08008a25   Thumb Code     0  daddsub_clz.o(x$fpl$dsub)
    _dsub                                    0x08008a25   Thumb Code   464  daddsub_clz.o(x$fpl$dsub)
    __aeabi_f2d                              0x08008bf9   Thumb Code     0  f2d.o(x$fpl$f2d)
    _f2d                                     0x08008bf9   Thumb Code    86  f2d.o(x$fpl$f2d)
    __aeabi_fadd                             0x08008c51   Thumb Code     0  faddsub_clz.o(x$fpl$fadd)
    _fadd                                    0x08008c51   Thumb Code   196  faddsub_clz.o(x$fpl$fadd)
    __fpl_fcmp_Inf                           0x08008d15   Thumb Code    24  fcmpi.o(x$fpl$fcmpinf)
    __aeabi_fdiv                             0x08008d2d   Thumb Code     0  fdiv.o(x$fpl$fdiv)
    _fdiv                                    0x08008d2d   Thumb Code   384  fdiv.o(x$fpl$fdiv)
    __aeabi_cfcmpeq                          0x08008eb1   Thumb Code     0  feqf.o(x$fpl$feqf)
    _fcmpeq                                  0x08008eb1   Thumb Code   104  feqf.o(x$fpl$feqf)
    __aeabi_f2iz                             0x08008f19   Thumb Code     0  ffix.o(x$fpl$ffix)
    _ffix                                    0x08008f19   Thumb Code    54  ffix.o(x$fpl$ffix)
    __aeabi_f2uiz                            0x08008f51   Thumb Code     0  ffixu.o(x$fpl$ffixu)
    _ffixu                                   0x08008f51   Thumb Code    62  ffixu.o(x$fpl$ffixu)
    __aeabi_i2f                              0x08008f91   Thumb Code     0  fflt_clz.o(x$fpl$fflt)
    _fflt                                    0x08008f91   Thumb Code    48  fflt_clz.o(x$fpl$fflt)
    __aeabi_ui2f                             0x08008fc1   Thumb Code     0  fflt_clz.o(x$fpl$ffltu)
    _ffltu                                   0x08008fc1   Thumb Code    38  fflt_clz.o(x$fpl$ffltu)
    __aeabi_cfcmple                          0x08008fe9   Thumb Code     0  fleqf.o(x$fpl$fleqf)
    _fcmple                                  0x08008fe9   Thumb Code   104  fleqf.o(x$fpl$fleqf)
    __fpl_fcmple_InfNaN                      0x0800903b   Thumb Code     0  fleqf.o(x$fpl$fleqf)
    __aeabi_fmul                             0x08009051   Thumb Code     0  fmul.o(x$fpl$fmul)
    _fmul                                    0x08009051   Thumb Code   258  fmul.o(x$fpl$fmul)
    __fpl_fnaninf                            0x08009153   Thumb Code   140  fnaninf.o(x$fpl$fnaninf)
    __fpl_fretinf                            0x080091df   Thumb Code    10  fretinf.o(x$fpl$fretinf)
    __aeabi_cfrcmple                         0x080091e9   Thumb Code     0  frleqf.o(x$fpl$frleqf)
    _frcmple                                 0x080091e9   Thumb Code    98  frleqf.o(x$fpl$frleqf)
    __aeabi_fsub                             0x0800924d   Thumb Code     0  faddsub_clz.o(x$fpl$fsub)
    _fsub                                    0x0800924d   Thumb Code   234  faddsub_clz.o(x$fpl$fsub)
    _printf_fp_dec                           0x08009337   Thumb Code     4  printf1.o(x$fpl$printf1)
    __fpl_return_NaN                         0x0800933b   Thumb Code   100  retnan.o(x$fpl$retnan)
    __ARM_scalbn                             0x0800939f   Thumb Code    92  scalbn.o(x$fpl$scalbn)
    __fpl_cmpreturn                          0x080093fb   Thumb Code    48  trapv.o(x$fpl$trapveneer)
    __I$use$fp                               0x0800942a   Number         0  usenofp.o(x$fpl$usenofp)
    hw                                       0x0800942c   Data          12  inv_mpu.o(.constdata)
    reg                                      0x08009438   Data          27  inv_mpu.o(.constdata)
    test                                     0x08009454   Data          40  inv_mpu.o(.constdata)
    asc2_1206                                0x0800a072   Data        1140  oled.o(.constdata)
    asc2_1608                                0x0800a4e6   Data        1520  oled.o(.constdata)
    asc2_2412                                0x0800aad6   Data        3420  oled.o(.constdata)
    Hzk1                                     0x0800b832   Data         544  oled.o(.constdata)
    __mathlib_zero                           0x0800bb40   Data           8  qnan.o(.constdata)
    Region$$Table$$Base                      0x0800bc2c   Number         0  anon$$obj.o(Region$$Table)
    Region$$Table$$Limit                     0x0800bc4c   Number         0  anon$$obj.o(Region$$Table)
    Pitch                                    0x20000000   Data           4  main.o(.data)
    Roll                                     0x20000004   Data           4  main.o(.data)
    Yaw                                      0x20000008   Data           4  main.o(.data)
    Step                                     0x2000000c   Data           4  main.o(.data)
    AX                                       0x20000010   Data           4  main.o(.data)
    AY                                       0x20000014   Data           4  main.o(.data)
    AZ                                       0x20000018   Data           4  main.o(.data)
    step                                     0x2000001c   Data           4  main.o(.data)
    SystemCoreClock                          0x20000020   Data           4  system_stm32f10x.o(.data)
    AHBPrescTable                            0x20000024   Data          16  system_stm32f10x.o(.data)
    __stdout                                 0x2000004c   Data           4  usart.o(.data)
    USART_RX_STA                             0x20000050   Data           2  usart.o(.data)
    gyro                                     0x20000054   Data           6  mpu6050.o(.data)
    accel                                    0x2000005a   Data           6  mpu6050.o(.data)
    sensors                                  0x20000060   Data           2  mpu6050.o(.data)
    q0                                       0x20000064   Data           4  mpu6050.o(.data)
    q1                                       0x20000068   Data           4  mpu6050.o(.data)
    q2                                       0x2000006c   Data           4  mpu6050.o(.data)
    q3                                       0x20000070   Data           4  mpu6050.o(.data)
    Gx_offset                                0x2000007e   Data           2  mpu6050.o(.data)
    Gy_offset                                0x20000080   Data           2  mpu6050.o(.data)
    Gz_offset                                0x20000082   Data           2  mpu6050.o(.data)
    Hzk2                                     0x200000b0   Data         216  oled.o(.data)
    Hzk3                                     0x20000188   Data         512  oled.o(.data)
    Hzk4                                     0x20000388   Data        4096  oled.o(.data)
    USART_RX_BUF                             0x20001388   Data         200  usart.o(.bss)
    buffer                                   0x20001450   Data          14  mpu6050.o(.bss)
    MPU6050_FIFO                             0x2000145e   Data         132  mpu6050.o(.bss)
    OLED_GRAM                                0x200014f4   Data        1152  oled.o(.bss)
    __libspace_start                         0x20001974   Data          96  libspace.o(.bss)
    __temporary_stack_top$libspace           0x200019d4   Data           0  libspace.o(.bss)



==============================================================================

Memory Map of the image

  Image Entry point : 0x080000ed

  Load Region LR_IROM1 (Base: 0x08000000, Size: 0x0000cff0, Max: 0x00010000, ABSOLUTE, COMPRESSED[0x0000bd40])

    Execution Region ER_IROM1 (Exec base: 0x08000000, Load base: 0x08000000, Size: 0x0000bc68, Max: 0x00010000, ABSOLUTE)

    Exec Addr    Load Addr    Size         Type   Attr      Idx    E Section Name        Object

    0x08000000   0x08000000   0x000000ec   Data   RO          222    RESET               startup_stm32f10x_md.o
    0x080000ec   0x080000ec   0x00000008   Code   RO          750  * !!!main             c_w.l(__main.o)
    0x080000f4   0x080000f4   0x00000034   Code   RO         1118    !!!scatter          c_w.l(__scatter.o)
    0x08000128   0x08000128   0x0000005a   Code   RO         1116    !!dczerorl2         c_w.l(__dczerorl2.o)
    0x08000182   0x08000182   0x00000002   PAD
    0x08000184   0x08000184   0x0000001c   Code   RO         1120    !!handler_zi        c_w.l(__scatter_zi.o)
    0x080001a0   0x080001a0   0x00000000   Code   RO          743    .ARM.Collect$$_printf_percent$$00000000  c_w.l(_printf_percent.o)
    0x080001a0   0x080001a0   0x00000006   Code   RO          742    .ARM.Collect$$_printf_percent$$00000003  c_w.l(_printf_f.o)
    0x080001a6   0x080001a6   0x00000006   Code   RO          741    .ARM.Collect$$_printf_percent$$00000009  c_w.l(_printf_d.o)
    0x080001ac   0x080001ac   0x00000004   Code   RO          833    .ARM.Collect$$_printf_percent$$00000017  c_w.l(_printf_percent_end.o)
    0x080001b0   0x080001b0   0x00000002   Code   RO          983    .ARM.Collect$$libinit$$00000000  c_w.l(libinit.o)
    0x080001b2   0x080001b2   0x00000000   Code   RO          985    .ARM.Collect$$libinit$$00000002  c_w.l(libinit2.o)
    0x080001b2   0x080001b2   0x00000000   Code   RO          987    .ARM.Collect$$libinit$$00000004  c_w.l(libinit2.o)
    0x080001b2   0x080001b2   0x00000000   Code   RO          990    .ARM.Collect$$libinit$$0000000A  c_w.l(libinit2.o)
    0x080001b2   0x080001b2   0x00000000   Code   RO          992    .ARM.Collect$$libinit$$0000000C  c_w.l(libinit2.o)
    0x080001b2   0x080001b2   0x00000000   Code   RO          994    .ARM.Collect$$libinit$$0000000E  c_w.l(libinit2.o)
    0x080001b2   0x080001b2   0x00000006   Code   RO          995    .ARM.Collect$$libinit$$0000000F  c_w.l(libinit2.o)
    0x080001b8   0x080001b8   0x00000000   Code   RO          997    .ARM.Collect$$libinit$$00000011  c_w.l(libinit2.o)
    0x080001b8   0x080001b8   0x00000000   Code   RO          999    .ARM.Collect$$libinit$$00000013  c_w.l(libinit2.o)
    0x080001b8   0x080001b8   0x00000000   Code   RO         1001    .ARM.Collect$$libinit$$00000015  c_w.l(libinit2.o)
    0x080001b8   0x080001b8   0x0000000a   Code   RO         1002    .ARM.Collect$$libinit$$00000016  c_w.l(libinit2.o)
    0x080001c2   0x080001c2   0x00000000   Code   RO         1003    .ARM.Collect$$libinit$$00000017  c_w.l(libinit2.o)
    0x080001c2   0x080001c2   0x00000000   Code   RO         1005    .ARM.Collect$$libinit$$00000019  c_w.l(libinit2.o)
    0x080001c2   0x080001c2   0x00000000   Code   RO         1007    .ARM.Collect$$libinit$$0000001B  c_w.l(libinit2.o)
    0x080001c2   0x080001c2   0x00000000   Code   RO         1009    .ARM.Collect$$libinit$$0000001D  c_w.l(libinit2.o)
    0x080001c2   0x080001c2   0x00000000   Code   RO         1011    .ARM.Collect$$libinit$$0000001F  c_w.l(libinit2.o)
    0x080001c2   0x080001c2   0x00000000   Code   RO         1013    .ARM.Collect$$libinit$$00000021  c_w.l(libinit2.o)
    0x080001c2   0x080001c2   0x00000000   Code   RO         1015    .ARM.Collect$$libinit$$00000023  c_w.l(libinit2.o)
    0x080001c2   0x080001c2   0x00000000   Code   RO         1017    .ARM.Collect$$libinit$$00000025  c_w.l(libinit2.o)
    0x080001c2   0x080001c2   0x00000000   Code   RO         1021    .ARM.Collect$$libinit$$0000002C  c_w.l(libinit2.o)
    0x080001c2   0x080001c2   0x00000000   Code   RO         1023    .ARM.Collect$$libinit$$0000002E  c_w.l(libinit2.o)
    0x080001c2   0x080001c2   0x00000000   Code   RO         1025    .ARM.Collect$$libinit$$00000030  c_w.l(libinit2.o)
    0x080001c2   0x080001c2   0x00000000   Code   RO         1027    .ARM.Collect$$libinit$$00000032  c_w.l(libinit2.o)
    0x080001c2   0x080001c2   0x00000002   Code   RO         1028    .ARM.Collect$$libinit$$00000033  c_w.l(libinit2.o)
    0x080001c4   0x080001c4   0x00000002   Code   RO         1076    .ARM.Collect$$libshutdown$$00000000  c_w.l(libshutdown.o)
    0x080001c6   0x080001c6   0x00000000   Code   RO         1085    .ARM.Collect$$libshutdown$$00000002  c_w.l(libshutdown2.o)
    0x080001c6   0x080001c6   0x00000000   Code   RO         1087    .ARM.Collect$$libshutdown$$00000004  c_w.l(libshutdown2.o)
    0x080001c6   0x080001c6   0x00000000   Code   RO         1090    .ARM.Collect$$libshutdown$$00000007  c_w.l(libshutdown2.o)
    0x080001c6   0x080001c6   0x00000000   Code   RO         1093    .ARM.Collect$$libshutdown$$0000000A  c_w.l(libshutdown2.o)
    0x080001c6   0x080001c6   0x00000000   Code   RO         1095    .ARM.Collect$$libshutdown$$0000000C  c_w.l(libshutdown2.o)
    0x080001c6   0x080001c6   0x00000000   Code   RO         1098    .ARM.Collect$$libshutdown$$0000000F  c_w.l(libshutdown2.o)
    0x080001c6   0x080001c6   0x00000002   Code   RO         1099    .ARM.Collect$$libshutdown$$00000010  c_w.l(libshutdown2.o)
    0x080001c8   0x080001c8   0x00000000   Code   RO          818    .ARM.Collect$$rtentry$$00000000  c_w.l(__rtentry.o)
    0x080001c8   0x080001c8   0x00000000   Code   RO          891    .ARM.Collect$$rtentry$$00000002  c_w.l(__rtentry2.o)
    0x080001c8   0x080001c8   0x00000006   Code   RO          903    .ARM.Collect$$rtentry$$00000004  c_w.l(__rtentry4.o)
    0x080001ce   0x080001ce   0x00000000   Code   RO          893    .ARM.Collect$$rtentry$$00000009  c_w.l(__rtentry2.o)
    0x080001ce   0x080001ce   0x00000004   Code   RO          894    .ARM.Collect$$rtentry$$0000000A  c_w.l(__rtentry2.o)
    0x080001d2   0x080001d2   0x00000000   Code   RO          896    .ARM.Collect$$rtentry$$0000000C  c_w.l(__rtentry2.o)
    0x080001d2   0x080001d2   0x00000008   Code   RO          897    .ARM.Collect$$rtentry$$0000000D  c_w.l(__rtentry2.o)
    0x080001da   0x080001da   0x00000002   Code   RO         1033    .ARM.Collect$$rtexit$$00000000  c_w.l(rtexit.o)
    0x080001dc   0x080001dc   0x00000000   Code   RO         1046    .ARM.Collect$$rtexit$$00000002  c_w.l(rtexit2.o)
    0x080001dc   0x080001dc   0x00000004   Code   RO         1047    .ARM.Collect$$rtexit$$00000003  c_w.l(rtexit2.o)
    0x080001e0   0x080001e0   0x00000006   Code   RO         1048    .ARM.Collect$$rtexit$$00000004  c_w.l(rtexit2.o)
    0x080001e6   0x080001e6   0x00000002   PAD
    0x080001e8   0x080001e8   0x00000180   Code   RO            1    .text               main.o
    0x08000368   0x08000368   0x0000001a   Code   RO          150    .text               stm32f10x_it.o
    0x08000382   0x08000382   0x00000002   PAD
    0x08000384   0x08000384   0x000001e0   Code   RO          191    .text               system_stm32f10x.o
    0x08000564   0x08000564   0x00000040   Code   RO          223    .text               startup_stm32f10x_md.o
    0x080005a4   0x080005a4   0x000000dc   Code   RO          227    .text               misc.o
    0x08000680   0x08000680   0x0000011c   Code   RO          335    .text               stm32f10x_exti.o
    0x0800079c   0x0800079c   0x0000035c   Code   RO          371    .text               stm32f10x_gpio.o
    0x08000af8   0x08000af8   0x000003a4   Code   RO          419    .text               stm32f10x_rcc.o
    0x08000e9c   0x08000e9c   0x00000e1a   Code   RO          469    .text               stm32f10x_tim.o
    0x08001cb6   0x08001cb6   0x00000002   PAD
    0x08001cb8   0x08001cb8   0x00000408   Code   RO          481    .text               stm32f10x_usart.o
    0x080020c0   0x080020c0   0x000000d4   Code   RO          505    .text               delay.o
    0x08002194   0x08002194   0x00000140   Code   RO          535    .text               usart.o
    0x080022d4   0x080022d4   0x0000008c   Code   RO          570    .text               time.o
    0x08002360   0x08002360   0x00000a0c   Code   RO          596    .text               mpu6050.o
    0x08002d6c   0x08002d6c   0x00000518   Code   RO          620    .text               iic.o
    0x08003284   0x08003284   0x00001e90   Code   RO          632    .text               inv_mpu.o
    0x08005114   0x08005114   0x00000d70   Code   RO          656    .text               inv_mpu_dmp_motion_driver.o
    0x08005e84   0x08005e84   0x00000818   Code   RO          677    .text               oled.o
    0x0800669c   0x0800669c   0x00000002   Code   RO          705    .text               c_w.l(use_no_semi_2.o)
    0x0800669e   0x0800669e   0x00000048   Code   RO          707    .text               c_w.l(llsdiv.o)
    0x080066e6   0x080066e6   0x00000002   PAD
    0x080066e8   0x080066e8   0x00000018   Code   RO          713    .text               c_w.l(noretval__2printf.o)
    0x08006700   0x08006700   0x00000028   Code   RO          715    .text               c_w.l(noretval__2sprintf.o)
    0x08006728   0x08006728   0x00000078   Code   RO          719    .text               c_w.l(_printf_dec.o)
    0x080067a0   0x080067a0   0x0000010e   Code   RO          729    .text               c_w.l(__printf_wp.o)
    0x080068ae   0x080068ae   0x00000058   Code   RO          744    .text               c_w.l(memcmp.o)
    0x08006906   0x08006906   0x00000010   Code   RO          746    .text               c_w.l(aeabi_memset.o)
    0x08006916   0x08006916   0x00000006   Code   RO          748    .text               c_w.l(heapauxi.o)
    0x0800691c   0x0800691c   0x00000002   Code   RO          816    .text               c_w.l(use_no_semi.o)
    0x0800691e   0x0800691e   0x000000ee   Code   RO          819    .text               c_w.l(lludivv7m.o)
    0x08006a0c   0x08006a0c   0x00000016   Code   RO          821    .text               c_w.l(_rserrno.o)
    0x08006a22   0x08006a22   0x000000b2   Code   RO          823    .text               c_w.l(_printf_intcommon.o)
    0x08006ad4   0x08006ad4   0x0000041a   Code   RO          825    .text               c_w.l(_printf_fp_dec.o)
    0x08006eee   0x08006eee   0x00000002   PAD
    0x08006ef0   0x08006ef0   0x00000030   Code   RO          827    .text               c_w.l(_printf_char_common.o)
    0x08006f20   0x08006f20   0x0000000a   Code   RO          829    .text               c_w.l(_sputc.o)
    0x08006f2a   0x08006f2a   0x00000002   PAD
    0x08006f2c   0x08006f2c   0x00000024   Code   RO          831    .text               c_w.l(_printf_char_file.o)
    0x08006f50   0x08006f50   0x00000044   Code   RO          834    .text               c_w.l(rt_memclr.o)
    0x08006f94   0x08006f94   0x00000008   Code   RO          912    .text               c_w.l(rt_locale_intlibspace.o)
    0x08006f9c   0x08006f9c   0x00000008   Code   RO          917    .text               c_w.l(rt_errno_addr_intlibspace.o)
    0x08006fa4   0x08006fa4   0x0000008a   Code   RO          919    .text               c_w.l(lludiv10.o)
    0x0800702e   0x0800702e   0x00000002   PAD
    0x08007030   0x08007030   0x00000080   Code   RO          921    .text               c_w.l(_printf_fp_infnan.o)
    0x080070b0   0x080070b0   0x000000dc   Code   RO          925    .text               c_w.l(bigflt0.o)
    0x0800718c   0x0800718c   0x00000008   Code   RO          950    .text               c_w.l(ferror.o)
    0x08007194   0x08007194   0x0000004e   Code   RO          957    .text               c_w.l(rt_memclr_w.o)
    0x080071e2   0x080071e2   0x00000002   PAD
    0x080071e4   0x080071e4   0x00000008   Code   RO          967    .text               c_w.l(libspace.o)
    0x080071ec   0x080071ec   0x0000004a   Code   RO          970    .text               c_w.l(sys_stackheap_outer.o)
    0x08007236   0x08007236   0x00000012   Code   RO          974    .text               c_w.l(exit.o)
    0x08007248   0x08007248   0x00000080   Code   RO          976    .text               c_w.l(strcmpv7m.o)
    0x080072c8   0x080072c8   0x0000003e   Code   RO          928    CL$$btod_d2e        c_w.l(btod.o)
    0x08007306   0x08007306   0x00000046   Code   RO          930    CL$$btod_d2e_denorm_low  c_w.l(btod.o)
    0x0800734c   0x0800734c   0x00000060   Code   RO          929    CL$$btod_d2e_norm_op1  c_w.l(btod.o)
    0x080073ac   0x080073ac   0x00000338   Code   RO          938    CL$$btod_div_common  c_w.l(btod.o)
    0x080076e4   0x080076e4   0x000000c6   Code   RO          935    CL$$btod_e2e        c_w.l(btod.o)
    0x080077aa   0x080077aa   0x00000028   Code   RO          932    CL$$btod_ediv       c_w.l(btod.o)
    0x080077d2   0x080077d2   0x00000028   Code   RO          931    CL$$btod_emul       c_w.l(btod.o)
    0x080077fa   0x080077fa   0x00000244   Code   RO          937    CL$$btod_mult_common  c_w.l(btod.o)
    0x08007a3e   0x08007a3e   0x00000028   Code   RO          877    i.__ARM_fpclassify  m_ws.l(fpclassify.o)
    0x08007a66   0x08007a66   0x000000aa   Code   RO          879    i.__kernel_poly     m_ws.l(poly.o)
    0x08007b10   0x08007b10   0x00000006   Code   RO          864    i.__mathlib_dbl_infnan  m_ws.l(dunder.o)
    0x08007b16   0x08007b16   0x00000004   Code   RO          865    i.__mathlib_dbl_infnan2  m_ws.l(dunder.o)
    0x08007b1a   0x08007b1a   0x0000000c   Code   RO          866    i.__mathlib_dbl_invalid  m_ws.l(dunder.o)
    0x08007b26   0x08007b26   0x00000002   PAD
    0x08007b28   0x08007b28   0x00000010   Code   RO          869    i.__mathlib_dbl_underflow  m_ws.l(dunder.o)
    0x08007b38   0x08007b38   0x0000000e   Code   RO          731    i._is_digit         c_w.l(__printf_wp.o)
    0x08007b46   0x08007b46   0x00000002   PAD
    0x08007b48   0x08007b48   0x00000270   Code   RO          799    i.asin              m_ws.l(asin.o)
    0x08007db8   0x08007db8   0x00000220   Code   RO          854    i.atan              m_ws.l(atan.o)
    0x08007fd8   0x08007fd8   0x00000180   Code   RO          809    i.atan2             m_ws.l(atan2.o)
    0x08008158   0x08008158   0x0000004c   Code   RO          883    i.sqrt              m_ws.l(sqrt.o)
    0x080081a4   0x080081a4   0x0000002c   Code   RO          955    locale$$code        c_w.l(lc_numeric_c.o)
    0x080081d0   0x080081d0   0x00000062   Code   RO          752    x$fpl$d2f           fz_ws.l(d2f.o)
    0x08008232   0x08008232   0x00000002   PAD
    0x08008234   0x08008234   0x00000150   Code   RO          754    x$fpl$dadd          fz_ws.l(daddsub_clz.o)
    0x08008384   0x08008384   0x00000010   Code   RO          959    x$fpl$dcheck1       fz_ws.l(dcheck1.o)
    0x08008394   0x08008394   0x000002b0   Code   RO          837    x$fpl$ddiv          fz_ws.l(ddiv.o)
    0x08008644   0x08008644   0x00000154   Code   RO          760    x$fpl$dmul          fz_ws.l(dmul.o)
    0x08008798   0x08008798   0x0000009c   Code   RO          840    x$fpl$dnaninf       fz_ws.l(dnaninf.o)
    0x08008834   0x08008834   0x0000000c   Code   RO          842    x$fpl$dretinf       fz_ws.l(dretinf.o)
    0x08008840   0x08008840   0x00000016   Code   RO          755    x$fpl$drsb          fz_ws.l(daddsub_clz.o)
    0x08008856   0x08008856   0x00000002   PAD
    0x08008858   0x08008858   0x000001cc   Code   RO          963    x$fpl$dsqrt         fz_ws.l(dsqrt_noumaal.o)
    0x08008a24   0x08008a24   0x000001d4   Code   RO          756    x$fpl$dsub          fz_ws.l(daddsub_clz.o)
    0x08008bf8   0x08008bf8   0x00000056   Code   RO          762    x$fpl$f2d           fz_ws.l(f2d.o)
    0x08008c4e   0x08008c4e   0x00000002   PAD
    0x08008c50   0x08008c50   0x000000c4   Code   RO          764    x$fpl$fadd          fz_ws.l(faddsub_clz.o)
    0x08008d14   0x08008d14   0x00000018   Code   RO          844    x$fpl$fcmpinf       fz_ws.l(fcmpi.o)
    0x08008d2c   0x08008d2c   0x00000184   Code   RO          771    x$fpl$fdiv          fz_ws.l(fdiv.o)
    0x08008eb0   0x08008eb0   0x00000068   Code   RO          774    x$fpl$feqf          fz_ws.l(feqf.o)
    0x08008f18   0x08008f18   0x00000036   Code   RO          776    x$fpl$ffix          fz_ws.l(ffix.o)
    0x08008f4e   0x08008f4e   0x00000002   PAD
    0x08008f50   0x08008f50   0x0000003e   Code   RO          780    x$fpl$ffixu         fz_ws.l(ffixu.o)
    0x08008f8e   0x08008f8e   0x00000002   PAD
    0x08008f90   0x08008f90   0x00000030   Code   RO          785    x$fpl$fflt          fz_ws.l(fflt_clz.o)
    0x08008fc0   0x08008fc0   0x00000026   Code   RO          784    x$fpl$ffltu         fz_ws.l(fflt_clz.o)
    0x08008fe6   0x08008fe6   0x00000002   PAD
    0x08008fe8   0x08008fe8   0x00000068   Code   RO          790    x$fpl$fleqf         fz_ws.l(fleqf.o)
    0x08009050   0x08009050   0x00000102   Code   RO          792    x$fpl$fmul          fz_ws.l(fmul.o)
    0x08009152   0x08009152   0x0000008c   Code   RO          846    x$fpl$fnaninf       fz_ws.l(fnaninf.o)
    0x080091de   0x080091de   0x0000000a   Code   RO          848    x$fpl$fretinf       fz_ws.l(fretinf.o)
    0x080091e8   0x080091e8   0x00000062   Code   RO          794    x$fpl$frleqf        fz_ws.l(frleqf.o)
    0x0800924a   0x0800924a   0x00000002   PAD
    0x0800924c   0x0800924c   0x000000ea   Code   RO          766    x$fpl$fsub          fz_ws.l(faddsub_clz.o)
    0x08009336   0x08009336   0x00000004   Code   RO          796    x$fpl$printf1       fz_ws.l(printf1.o)
    0x0800933a   0x0800933a   0x00000064   Code   RO         1031    x$fpl$retnan        fz_ws.l(retnan.o)
    0x0800939e   0x0800939e   0x0000005c   Code   RO          850    x$fpl$scalbn        fz_ws.l(scalbn.o)
    0x080093fa   0x080093fa   0x00000030   Code   RO         1043    x$fpl$trapveneer    fz_ws.l(trapv.o)
    0x0800942a   0x0800942a   0x00000000   Code   RO          852    x$fpl$usenofp       fz_ws.l(usenofp.o)
    0x0800942a   0x0800942a   0x00000002   PAD
    0x0800942c   0x0800942c   0x00000050   Data   RO          633    .constdata          inv_mpu.o
    0x0800947c   0x0800947c   0x00000bf6   Data   RO          658    .constdata          inv_mpu_dmp_motion_driver.o
    0x0800a072   0x0800a072   0x000019e0   Data   RO          679    .constdata          oled.o
    0x0800ba52   0x0800ba52   0x00000006   PAD
    0x0800ba58   0x0800ba58   0x00000050   Data   RO          800    .constdata          m_ws.l(asin.o)
    0x0800baa8   0x0800baa8   0x00000098   Data   RO          855    .constdata          m_ws.l(atan.o)
    0x0800bb40   0x0800bb40   0x00000008   Data   RO          881    .constdata          m_ws.l(qnan.o)
    0x0800bb48   0x0800bb48   0x00000094   Data   RO          926    .constdata          c_w.l(bigflt0.o)
    0x0800bbdc   0x0800bbdc   0x0000004e   Data   RO          634    .conststring        inv_mpu.o
    0x0800bc2a   0x0800bc2a   0x00000002   PAD
    0x0800bc2c   0x0800bc2c   0x00000020   Data   RO         1114    Region$$Table       anon$$obj.o
    0x0800bc4c   0x0800bc4c   0x0000001c   Data   RO          954    locale$$data        c_w.l(lc_numeric_c.o)


    Execution Region RW_IRAM1 (Exec base: 0x20000000, Load base: 0x0800bc68, Size: 0x00001fd8, Max: 0x00005000, ABSOLUTE, COMPRESSED[0x000000d8])

    Exec Addr    Load Addr    Size         Type   Attr      Idx    E Section Name        Object

    0x20000000   COMPRESSED   0x00000020   Data   RW            2    .data               main.o
    0x20000020   COMPRESSED   0x00000014   Data   RW          192    .data               system_stm32f10x.o
    0x20000034   COMPRESSED   0x00000014   Data   RW          420    .data               stm32f10x_rcc.o
    0x20000048   COMPRESSED   0x00000004   Data   RW          506    .data               delay.o
    0x2000004c   COMPRESSED   0x00000006   Data   RW          537    .data               usart.o
    0x20000052   COMPRESSED   0x00000002   PAD
    0x20000054   COMPRESSED   0x00000030   Data   RW          598    .data               mpu6050.o
    0x20000084   COMPRESSED   0x0000002c   Data   RW          635    .data               inv_mpu.o
    0x200000b0   COMPRESSED   0x000012d8   Data   RW          680    .data               oled.o
    0x20001388        -       0x000000c8   Zero   RW          536    .bss                usart.o
    0x20001450        -       0x00000092   Zero   RW          597    .bss                mpu6050.o
    0x200014e2   COMPRESSED   0x00000002   PAD
    0x200014e4        -       0x00000010   Zero   RW          657    .bss                inv_mpu_dmp_motion_driver.o
    0x200014f4        -       0x00000480   Zero   RW          678    .bss                oled.o
    0x20001974        -       0x00000060   Zero   RW          968    .bss                c_w.l(libspace.o)
    0x200019d4   COMPRESSED   0x00000004   PAD
    0x200019d8        -       0x00000200   Zero   RW          221    HEAP                startup_stm32f10x_md.o
    0x20001bd8        -       0x00000400   Zero   RW          220    STACK               startup_stm32f10x_md.o


==============================================================================

Image component sizes


      Code (inc. data)   RO Data    RW Data    ZI Data      Debug   Object Name

         0          0          0          0          0         32   core_cm3.o
       212         18          0          4          0       1027   delay.o
      1304         14          0          0          0       5900   iic.o
      7824        172        158         44          0      21819   inv_mpu.o
      3440        126       3062          0         16      15275   inv_mpu_dmp_motion_driver.o
       384         84          0         32          0     254451   main.o
       220         22          0          0          0       1785   misc.o
      2572        446          0         48        146      21922   mpu6050.o
      2072         46       6624       4824       1152       8418   oled.o
        64         26        236          0       1536        792   startup_stm32f10x_md.o
       284         10          0          0          0       2239   stm32f10x_exti.o
       860         38          0          0          0       5717   stm32f10x_gpio.o
        26          0          0          0          0       1174   stm32f10x_it.o
       932         36          0         20          0       8888   stm32f10x_rcc.o
      3610         88          0          0          0      22824   stm32f10x_tim.o
      1032         22          0          0          0       8444   stm32f10x_usart.o
       480         38          0         20          0       1719   system_stm32f10x.o
       140         14          0          0          0        797   time.o
       320         16          0          6        200       3150   usart.o

    ----------------------------------------------------------------------
     25780       1216      10120       5000       3052     386373   Object Totals
         0          0         32          0          0          0   (incl. Generated)
         4          0          8          2          2          0   (incl. Padding)

    ----------------------------------------------------------------------

      Code (inc. data)   RO Data    RW Data    ZI Data      Debug   Library Member Name

        90          0          0          0          0          0   __dczerorl2.o
         8          0          0          0          0         68   __main.o
       284          0          0          0          0        156   __printf_wp.o
         0          0          0          0          0          0   __rtentry.o
        12          0          0          0          0          0   __rtentry2.o
         6          0          0          0          0          0   __rtentry4.o
        52          8          0          0          0          0   __scatter.o
        28          0          0          0          0          0   __scatter_zi.o
        48          6          0          0          0         96   _printf_char_common.o
        36          4          0          0          0         80   _printf_char_file.o
         6          0          0          0          0          0   _printf_d.o
       120         16          0          0          0         92   _printf_dec.o
         6          0          0          0          0          0   _printf_f.o
      1050          0          0          0          0        216   _printf_fp_dec.o
       128         16          0          0          0         84   _printf_fp_infnan.o
       178          0          0          0          0         88   _printf_intcommon.o
         0          0          0          0          0          0   _printf_percent.o
         4          0          0          0          0          0   _printf_percent_end.o
        22          0          0          0          0        100   _rserrno.o
        10          0          0          0          0         68   _sputc.o
        16          0          0          0          0         68   aeabi_memset.o
       220          4        148          0          0         96   bigflt0.o
      1910        128          0          0          0        672   btod.o
        18          0          0          0          0         80   exit.o
         8          0          0          0          0         68   ferror.o
         6          0          0          0          0        152   heapauxi.o
        44         10         28          0          0         76   lc_numeric_c.o
         2          0          0          0          0          0   libinit.o
        18          0          0          0          0          0   libinit2.o
         2          0          0          0          0          0   libshutdown.o
         2          0          0          0          0          0   libshutdown2.o
         8          4          0          0         96         68   libspace.o
        72          0          0          0          0         76   llsdiv.o
       138          0          0          0          0         80   lludiv10.o
       238          0          0          0          0        100   lludivv7m.o
        88          0          0          0          0         76   memcmp.o
        24          4          0          0          0         84   noretval__2printf.o
        40          6          0          0          0         84   noretval__2sprintf.o
         8          4          0          0          0         68   rt_errno_addr_intlibspace.o
         8          4          0          0          0         68   rt_locale_intlibspace.o
        68          0          0          0          0         68   rt_memclr.o
        78          0          0          0          0         80   rt_memclr_w.o
         2          0          0          0          0          0   rtexit.o
        10          0          0          0          0          0   rtexit2.o
       128          0          0          0          0         68   strcmpv7m.o
        74          0          0          0          0         80   sys_stackheap_outer.o
         2          0          0          0          0         68   use_no_semi.o
         2          0          0          0          0         68   use_no_semi_2.o
        98          4          0          0          0         92   d2f.o
       826         16          0          0          0        348   daddsub_clz.o
        16          4          0          0          0         68   dcheck1.o
       688        140          0          0          0        208   ddiv.o
       340         12          0          0          0        104   dmul.o
       156          4          0          0          0         92   dnaninf.o
        12          0          0          0          0         68   dretinf.o
       460         56          0          0          0        120   dsqrt_noumaal.o
        86          4          0          0          0         84   f2d.o
       430          8          0          0          0        168   faddsub_clz.o
        24          0          0          0          0         68   fcmpi.o
       388         76          0          0          0         96   fdiv.o
       104          4          0          0          0         84   feqf.o
        54          4          0          0          0         84   ffix.o
        62          4          0          0          0         84   ffixu.o
        86          0          0          0          0        136   fflt_clz.o
       104          4          0          0          0         84   fleqf.o
       258          4          0          0          0         84   fmul.o
       140          4          0          0          0         84   fnaninf.o
        10          0          0          0          0         68   fretinf.o
        98          0          0          0          0         68   frleqf.o
         4          0          0          0          0         68   printf1.o
       100          0          0          0          0         68   retnan.o
        92          0          0          0          0         68   scalbn.o
        48          0          0          0          0         68   trapv.o
         0          0          0          0          0          0   usenofp.o
       624         52         80          0          0        168   asin.o
       544         70        152          0          0        124   atan.o
       384         38          0          0          0        144   atan2.o
        38          6          0          0          0        272   dunder.o
        40          0          0          0          0         68   fpclassify.o
       170          0          0          0          0         96   poly.o
         0          0          8          0          0          0   qnan.o
        76          0          0          0          0         84   sqrt.o

    ----------------------------------------------------------------------
     11916        728        416          0        100       6916   Library Totals
        34          0          0          0          4          0   (incl. Padding)

    ----------------------------------------------------------------------

      Code (inc. data)   RO Data    RW Data    ZI Data      Debug   Library Name

      5322        214        176          0         96       3396   c_w.l
      4684        348          0          0          0       2564   fz_ws.l
      1876        166        240          0          0        956   m_ws.l

    ----------------------------------------------------------------------
     11916        728        416          0        100       6916   Library Totals

    ----------------------------------------------------------------------

==============================================================================


      Code (inc. data)   RO Data    RW Data    ZI Data      Debug   

     37696       1944      10536       5000       3152     387825   Grand Totals
     37696       1944      10536        216       3152     387825   ELF Image Totals (compressed)
     37696       1944      10536        216          0          0   ROM Totals

==============================================================================

    Total RO  Size (Code + RO Data)                48232 (  47.10kB)
    Total RW  Size (RW Data + ZI Data)              8152 (   7.96kB)
    Total ROM Size (Code + RO Data + RW Data)      48448 (  47.31kB)

==============================================================================

